Component: ARM Compiler 5.06 update 7 (build 960) Tool: armlink [4d3601]

==============================================================================

Section Cross References

    blinky.o(i.app_main) refers to led_nucleo-wb55.o(i.LED_Initialize) for LED_Initialize
    blinky.o(i.app_main) refers to buttons_nucleo-wb55.o(i.Buttons_Initialize) for Buttons_Initialize
    blinky.o(i.app_main) refers to rtx_thread.o(i.osThreadNew) for osThreadNew
    blinky.o(i.app_main) refers to rtx_thread.o(i.osThreadExit) for osThreadExit
    blinky.o(i.app_main) refers to blinky.o(i.thrBUT) for thrBUT
    blinky.o(i.app_main) refers to blinky.o(.data) for tid_thrBUT
    blinky.o(i.app_main) refers to blinky.o(i.thrLED) for thrLED
    blinky.o(i.thrBUT) refers to buttons_nucleo-wb55.o(i.Buttons_GetCount) for Buttons_GetCount
    blinky.o(i.thrBUT) refers to rtx_delay.o(i.osDelay) for osDelay
    blinky.o(i.thrBUT) refers to buttons_nucleo-wb55.o(i.Buttons_GetState) for Buttons_GetState
    blinky.o(i.thrBUT) refers to rtx_thread.o(i.osThreadFlagsSet) for osThreadFlagsSet
    blinky.o(i.thrBUT) refers to blinky.o(.data) for delay_val
    blinky.o(i.thrLED) refers to led_nucleo-wb55.o(i.LED_GetCount) for LED_GetCount
    blinky.o(i.thrLED) refers to rtx_thread.o(i.osThreadFlagsWait) for osThreadFlagsWait
    blinky.o(i.thrLED) refers to led_nucleo-wb55.o(i.LED_On) for LED_On
    blinky.o(i.thrLED) refers to led_nucleo-wb55.o(i.LED_Off) for LED_Off
    blinky.o(.constdata) refers to blinky.o(.bss) for app_main_stk
    main.o(i.HAL_GetTick) refers to rtx_kernel.o(i.osKernelGetState) for osKernelGetState
    main.o(i.HAL_GetTick) refers to rtx_kernel.o(i.osKernelGetTickCount) for osKernelGetTickCount
    main.o(i.HAL_GetTick) refers to system_stm32wbxx.o(.data) for SystemCoreClock
    main.o(i.HAL_GetTick) refers to main.o(.data) for ticks
    main.o(i.MX_GPIO_Init) refers to rt_memclr_w.o(.text) for __aeabi_memclr4
    main.o(i.MX_GPIO_Init) refers to main.o(i.LL_AHB2_GRP1_EnableClock) for LL_AHB2_GRP1_EnableClock
    main.o(i.MX_GPIO_Init) refers to stm32wbxx_hal_gpio.o(i.HAL_GPIO_WritePin) for HAL_GPIO_WritePin
    main.o(i.MX_GPIO_Init) refers to stm32wbxx_hal_gpio.o(i.HAL_GPIO_Init) for HAL_GPIO_Init
    main.o(i.SystemClock_Config) refers to rt_memclr_w.o(.text) for __aeabi_memclr4
    main.o(i.SystemClock_Config) refers to stm32wbxx_hal_rcc.o(i.HAL_RCC_OscConfig) for HAL_RCC_OscConfig
    main.o(i.SystemClock_Config) refers to main.o(i.Error_Handler) for Error_Handler
    main.o(i.SystemClock_Config) refers to stm32wbxx_hal_rcc.o(i.HAL_RCC_ClockConfig) for HAL_RCC_ClockConfig
    main.o(i.SystemClock_Config) refers to stm32wbxx_hal_rcc_ex.o(i.HAL_RCCEx_PeriphCLKConfig) for HAL_RCCEx_PeriphCLKConfig
    main.o(i.main) refers to stm32wbxx_hal.o(i.HAL_Init) for HAL_Init
    main.o(i.main) refers to main.o(i.SystemClock_Config) for SystemClock_Config
    main.o(i.main) refers to system_stm32wbxx.o(i.SystemCoreClockUpdate) for SystemCoreClockUpdate
    main.o(i.main) refers to main.o(i.MX_GPIO_Init) for MX_GPIO_Init
    main.o(i.main) refers to rtx_kernel.o(i.osKernelInitialize) for osKernelInitialize
    main.o(i.main) refers to rtx_thread.o(i.osThreadNew) for osThreadNew
    main.o(i.main) refers to rtx_kernel.o(i.osKernelStart) for osKernelStart
    main.o(i.main) refers to blinky.o(.constdata) for app_main_attr
    main.o(i.main) refers to blinky.o(i.app_main) for app_main
    buttons_nucleo-wb55.o(i.Buttons_GetState) refers to stm32wbxx_hal_gpio.o(i.HAL_GPIO_ReadPin) for HAL_GPIO_ReadPin
    buttons_nucleo-wb55.o(i.Buttons_GetState) refers to buttons_nucleo-wb55.o(.constdata) for PIN_CONFIG
    led_nucleo-wb55.o(i.LED_Off) refers to stm32wbxx_hal_gpio.o(i.HAL_GPIO_WritePin) for HAL_GPIO_WritePin
    led_nucleo-wb55.o(i.LED_Off) refers to led_nucleo-wb55.o(.constdata) for PIN_CONFIG
    led_nucleo-wb55.o(i.LED_On) refers to stm32wbxx_hal_gpio.o(i.HAL_GPIO_WritePin) for HAL_GPIO_WritePin
    led_nucleo-wb55.o(i.LED_On) refers to led_nucleo-wb55.o(.constdata) for PIN_CONFIG
    led_nucleo-wb55.o(i.LED_SetOut) refers to led_nucleo-wb55.o(i.LED_On) for LED_On
    led_nucleo-wb55.o(i.LED_SetOut) refers to led_nucleo-wb55.o(i.LED_Off) for LED_Off
    irq_armv7m.o(.text) refers to rtx_system.o(i.osRtxPendSV_Handler) for osRtxPendSV_Handler
    irq_armv7m.o(.text) refers to rtx_system.o(i.osRtxTick_Handler) for osRtxTick_Handler
    irq_armv7m.o(.text) refers to rtx_kernel.o(.data.os) for osRtxInfo
    irq_armv7m.o(.text) refers to rtx_lib.o(.constdata) for osRtxUserSVC
    rtx_delay.o(i.osDelay) refers to rtx_evr.o(i.EvrRtxDelay) for EvrRtxDelay
    rtx_delay.o(i.osDelay) refers to rtx_delay.o(i.IsException) for IsException
    rtx_delay.o(i.osDelay) refers to rtx_delay.o(i.IsIrqMasked) for IsIrqMasked
    rtx_delay.o(i.osDelay) refers to rtx_evr.o(i.EvrRtxDelayError) for EvrRtxDelayError
[...]
    __sigvec_lookup                           - Undefined Weak Reference
    _atexit_init                              - Undefined Weak Reference
    _call_atexit_fns                          - Undefined Weak Reference
    _clock_init                               - Undefined Weak Reference
    _fp_trap_init                             - Undefined Weak Reference
    _fp_trap_shutdown                         - Undefined Weak Reference
    _get_lc_collate                           - Undefined Weak Reference
    _get_lc_ctype                             - Undefined Weak Reference
    _get_lc_monetary                          - Undefined Weak Reference
    _get_lc_numeric                           - Undefined Weak Reference
    _get_lc_time                              - Undefined Weak Reference
    _getenv_init                              - Undefined Weak Reference
    _handle_redirection                       - Undefined Weak Reference
    _init_alloc                               - Undefined Weak Reference
    _init_user_alloc                          - Undefined Weak Reference
    _initio                                   - Undefined Weak Reference
    _rand_init                                - Undefined Weak Reference
    _signal_finish                            - Undefined Weak Reference
    _signal_init                              - Undefined Weak Reference
    _terminate_alloc                          - Undefined Weak Reference
    _terminate_user_alloc                     - Undefined Weak Reference
    _terminateio                              - Undefined Weak Reference
    __Vectors_Size                           0x0000013c   Number         0  startup_stm32wb55xx_cm4.o ABSOLUTE
    __Vectors                                0x08000000   Data           4  startup_stm32wb55xx_cm4.o(RESET)
    __Vectors_End                            0x0800013c   Data           0  startup_stm32wb55xx_cm4.o(RESET)
    __main                                   0x0800013d   Thumb Code     8  __main.o(!!!main)
    __scatterload                            0x08000145   Thumb Code     0  __scatter.o(!!!scatter)
    __scatterload_rt2                        0x08000145   Thumb Code    44  __scatter.o(!!!scatter)
    __scatterload_rt2_thumb_only             0x08000145   Thumb Code     0  __scatter.o(!!!scatter)
    __scatterload_null                       0x08000153   Thumb Code     0  __scatter.o(!!!scatter)
    __decompress                             0x08000179   Thumb Code    58  __dczerorl.o(!!dczerorl)
    __decompress0                            0x08000179   Thumb Code     0  __dczerorl.o(!!dczerorl)
    __scatterload_zeroinit                   0x080001b5   Thumb Code    28  __scatter_zi.o(!!handler_zi)
    __rt_lib_init                            0x080001d1   Thumb Code     0  libinit.o(.ARM.Collect$$libinit$$00000000)
    __rt_lib_init_fp_1                       0x080001d3   Thumb Code     0  libinit2.o(.ARM.Collect$$libinit$$00000001)
    __rt_lib_init_alloca_1                   0x080001d7   Thumb Code     0  libinit2.o(.ARM.Collect$$libinit$$0000002E)
    __rt_lib_init_argv_1                     0x080001d7   Thumb Code     0  libinit2.o(.ARM.Collect$$libinit$$0000002C)
    __rt_lib_init_atexit_1                   0x080001d7   Thumb Code     0  libinit2.o(.ARM.Collect$$libinit$$0000001B)
    __rt_lib_init_clock_1                    0x080001d7   Thumb Code     0  libinit2.o(.ARM.Collect$$libinit$$00000021)
    __rt_lib_init_cpp_1                      0x080001d7   Thumb Code     0  libinit2.o(.ARM.Collect$$libinit$$00000032)
    __rt_lib_init_exceptions_1               0x080001d7   Thumb Code     0  libinit2.o(.ARM.Collect$$libinit$$00000030)
    __rt_lib_init_fp_trap_1                  0x080001d7   Thumb Code     0  libinit2.o(.ARM.Collect$$libinit$$0000001F)
    __rt_lib_init_getenv_1                   0x080001d7   Thumb Code     0  libinit2.o(.ARM.Collect$$libinit$$00000023)
    __rt_lib_init_heap_1                     0x080001d7   Thumb Code     0  libinit2.o(.ARM.Collect$$libinit$$0000000A)
    __rt_lib_init_lc_collate_1               0x080001d7   Thumb Code     0  libinit2.o(.ARM.Collect$$libinit$$00000011)
    __rt_lib_init_lc_ctype_1                 0x080001d7   Thumb Code     0  libinit2.o(.ARM.Collect$$libinit$$00000013)
    __rt_lib_init_lc_monetary_1              0x080001d7   Thumb Code     0  libinit2.o(.ARM.Collect$$libinit$$00000015)
    __rt_lib_init_lc_numeric_1               0x080001d7   Thumb Code     0  libinit2.o(.ARM.Collect$$libinit$$00000017)
    __rt_lib_init_lc_time_1                  0x080001d7   Thumb Code     0  libinit2.o(.ARM.Collect$$libinit$$00000019)
    __rt_lib_init_preinit_1                  0x080001d7   Thumb Code     0  libinit2.o(.ARM.Collect$$libinit$$00000004)
    __rt_lib_init_rand_1                     0x080001d7   Thumb Code     0  libinit2.o(.ARM.Collect$$libinit$$0000000E)
    __rt_lib_init_return                     0x080001d7   Thumb Code     0  libinit2.o(.ARM.Collect$$libinit$$00000033)
    __rt_lib_init_signal_1                   0x080001d7   Thumb Code     0  libinit2.o(.ARM.Collect$$libinit$$0000001D)
    __rt_lib_init_stdio_1                    0x080001d7   Thumb Code     0  libinit2.o(.ARM.Collect$$libinit$$00000025)
    __rt_lib_init_user_alloc_1               0x080001d7   Thumb Code     0  libinit2.o(.ARM.Collect$$libinit$$0000000C)
    __rt_lib_shutdown                        0x080001d9   Thumb Code     0  libshutdown.o(.ARM.Collect$$libshutdown$$00000000)
    __rt_lib_shutdown_cpp_1                  0x080001db   Thumb Code     0  libshutdown2.o(.ARM.Collect$$libshutdown$$00000004)
    __rt_lib_shutdown_fini_1                 0x080001db   Thumb Code     0  libshutdown2.o(.ARM.Collect$$libshutdown$$00000002)
    __rt_lib_shutdown_fp_trap_1              0x080001db   Thumb Code     0  libshutdown2.o(.ARM.Collect$$libshutdown$$00000009)
    __rt_lib_shutdown_heap_1                 0x080001db   Thumb Code     0  libshutdown2.o(.ARM.Collect$$libshutdown$$00000011)
    __rt_lib_shutdown_return                 0x080001db   Thumb Code     0  libshutdown2.o(.ARM.Collect$$libshutdown$$00000012)
    __rt_lib_shutdown_signal_1               0x080001db   Thumb Code     0  libshutdown2.o(.ARM.Collect$$libshutdown$$0000000C)
    __rt_lib_shutdown_stdio_1                0x080001db   Thumb Code     0  libshutdown2.o(.ARM.Collect$$libshutdown$$00000006)
    __rt_lib_shutdown_user_alloc_1           0x080001db   Thumb Code     0  libshutdown2.o(.ARM.Collect$$libshutdown$$0000000E)
    __rt_entry                               0x080001dd   Thumb Code     0  __rtentry.o(.ARM.Collect$$rtentry$$00000000)
    __rt_entry_presh_1                       0x080001dd   Thumb Code     0  __rtentry2.o(.ARM.Collect$$rtentry$$00000002)
    __rt_entry_sh                            0x080001dd   Thumb Code     0  __rtentry4.o(.ARM.Collect$$rtentry$$00000004)
    __rt_entry_postsh_1                      0x080001e3   Thumb Code     0  __rtentry2.o(.ARM.Collect$$rtentry$$00000008)
    __rt_entry_li                            0x080001eb   Thumb Code     0  __rtentry2.o(.ARM.Collect$$rtentry$$0000000A)
    __rt_entry_main                          0x080001ef   Thumb Code     0  __rtentry2.o(.ARM.Collect$$rtentry$$0000000D)
    __rt_entry_postli_1                      0x080001ef   Thumb Code     0  __rtentry2.o(.ARM.Collect$$rtentry$$0000000C)
    __rt_exit                                0x080001f7   Thumb Code     0  rtexit.o(.ARM.Collect$$rtexit$$00000000)
    __rt_exit_ls                             0x080001f9   Thumb Code     0  rtexit2.o(.ARM.Collect$$rtexit$$00000003)
    __rt_exit_prels_1                        0x080001f9   Thumb Code     0  rtexit2.o(.ARM.Collect$$rtexit$$00000002)
    __rt_exit_exit                           0x080001fd   Thumb Code     0  rtexit2.o(.ARM.Collect$$rtexit$$00000004)
    __asm___13_rtx_mempool_c_7914b4c7__atomic_wr8 0x08000205   Thumb Code    16  rtx_mempool.o(.emb_text)
    __asm___13_rtx_mempool_c_7914b4c7__atomic_set32 0x08000215   Thumb Code    20  rtx_mempool.o(.emb_text)
    __asm___13_rtx_mempool_c_7914b4c7__atomic_clr32 0x08000229   Thumb Code    22  rtx_mempool.o(.emb_text)
    __asm___13_rtx_mempool_c_7914b4c7__atomic_chk32_all 0x0800023f   Thumb Code    38  rtx_mempool.o(.emb_text)
    __asm___13_rtx_mempool_c_7914b4c7__atomic_chk32_any 0x08000265   Thumb Code    34  rtx_mempool.o(.emb_text)
    __asm___13_rtx_mempool_c_7914b4c7__atomic_inc32 0x08000287   Thumb Code    18  rtx_mempool.o(.emb_text)
    __asm___13_rtx_mempool_c_7914b4c7__atomic_inc16_lt 0x08000299   Thumb Code    30  rtx_mempool.o(.emb_text)
    __asm___13_rtx_mempool_c_7914b4c7__atomic_inc16_lim 0x080002b7   Thumb Code    26  rtx_mempool.o(.emb_text)
    __asm___13_rtx_mempool_c_7914b4c7__atomic_dec32 0x080002d1   Thumb Code    18  rtx_mempool.o(.emb_text)
    __asm___13_rtx_mempool_c_7914b4c7__atomic_dec32_nz 0x080002e3   Thumb Code    26  rtx_mempool.o(.emb_text)
    __asm___13_rtx_mempool_c_7914b4c7__atomic_dec16_nz 0x080002fd   Thumb Code    26  rtx_mempool.o(.emb_text)
    __asm___13_rtx_mempool_c_7914b4c7__atomic_link_get 0x08000317   Thumb Code    26  rtx_mempool.o(.emb_text)
    __asm___13_rtx_mempool_c_7914b4c7__atomic_link_put 0x08000331   Thumb Code    28  rtx_mempool.o(.emb_text)
    __asm___14_rtx_msgqueue_c_a86a7a93__atomic_wr8 0x0800034d   Thumb Code    16  rtx_msgqueue.o(.emb_text)
    __asm___14_rtx_msgqueue_c_a86a7a93__atomic_set32 0x0800035d   Thumb Code    20  rtx_msgqueue.o(.emb_text)
    __asm___14_rtx_msgqueue_c_a86a7a93__atomic_clr32 0x08000371   Thumb Code    22  rtx_msgqueue.o(.emb_text)
    __asm___14_rtx_msgqueue_c_a86a7a93__atomic_chk32_all 0x08000387   Thumb Code    38  rtx_msgqueue.o(.emb_text)
    __asm___14_rtx_msgqueue_c_a86a7a93__atomic_chk32_any 0x080003ad   Thumb Code    34  rtx_msgqueue.o(.emb_text)
    __asm___14_rtx_msgqueue_c_a86a7a93__atomic_inc32 0x080003cf   Thumb Code    18  rtx_msgqueue.o(.emb_text)
    __asm___14_rtx_msgqueue_c_a86a7a93__atomic_inc16_lt 0x080003e1   Thumb Code    30  rtx_msgqueue.o(.emb_text)
    __asm___14_rtx_msgqueue_c_a86a7a93__atomic_inc16_lim 0x080003ff   Thumb Code    26  rtx_msgqueue.o(.emb_text)
    __asm___14_rtx_msgqueue_c_a86a7a93__atomic_dec32 0x08000419   Thumb Code    18  rtx_msgqueue.o(.emb_text)
    __asm___14_rtx_msgqueue_c_a86a7a93__atomic_dec32_nz 0x0800042b   Thumb Code    26  rtx_msgqueue.o(.emb_text)
    __asm___14_rtx_msgqueue_c_a86a7a93__atomic_dec16_nz 0x08000445   Thumb Code    26  rtx_msgqueue.o(.emb_text)
    __asm___14_rtx_msgqueue_c_a86a7a93__atomic_link_get 0x0800045f   Thumb Code    26  rtx_msgqueue.o(.emb_text)
    __asm___14_rtx_msgqueue_c_a86a7a93__atomic_link_put 0x08000479   Thumb Code    28  rtx_msgqueue.o(.emb_text)
    __asm___12_rtx_system_c_024f2f18__atomic_wr8 0x08000495   Thumb Code    16  rtx_system.o(.emb_text)
    __asm___12_rtx_system_c_024f2f18__atomic_set32 0x080004a5   Thumb Code    20  rtx_system.o(.emb_text)
    __asm___12_rtx_system_c_024f2f18__atomic_clr32 0x080004b9   Thumb Code    22  rtx_system.o(.emb_text)
    __asm___12_rtx_system_c_024f2f18__atomic_chk32_all 0x080004cf   Thumb Code    38  rtx_system.o(.emb_text)
    __asm___12_rtx_system_c_024f2f18__atomic_chk32_any 0x080004f5   Thumb Code    34  rtx_system.o(.emb_text)
    __asm___12_rtx_system_c_024f2f18__atomic_inc32 0x08000517   Thumb Code    18  rtx_system.o(.emb_text)
    __asm___12_rtx_system_c_024f2f18__atomic_inc16_lt 0x08000529   Thumb Code    30  rtx_system.o(.emb_text)
    __asm___12_rtx_system_c_024f2f18__atomic_inc16_lim 0x08000547   Thumb Code    26  rtx_system.o(.emb_text)
    __asm___12_rtx_system_c_024f2f18__atomic_dec32 0x08000561   Thumb Code    18  rtx_system.o(.emb_text)
    __asm___12_rtx_system_c_024f2f18__atomic_dec32_nz 0x08000573   Thumb Code    26  rtx_system.o(.emb_text)
    __asm___12_rtx_system_c_024f2f18__atomic_dec16_nz 0x0800058d   Thumb Code    26  rtx_system.o(.emb_text)
    __asm___12_rtx_system_c_024f2f18__atomic_link_get 0x080005a7   Thumb Code    26  rtx_system.o(.emb_text)
    __asm___12_rtx_system_c_024f2f18__atomic_link_put 0x080005c1   Thumb Code    28  rtx_system.o(.emb_text)
    __asm___12_rtx_thread_c_add96be5__atomic_wr8 0x080005dd   Thumb Code    16  rtx_thread.o(.emb_text)
    __asm___12_rtx_thread_c_add96be5__atomic_set32 0x080005ed   Thumb Code    20  rtx_thread.o(.emb_text)
    __asm___12_rtx_thread_c_add96be5__atomic_clr32 0x08000601   Thumb Code    22  rtx_thread.o(.emb_text)
    __asm___12_rtx_thread_c_add96be5__atomic_chk32_all 0x08000617   Thumb Code    38  rtx_thread.o(.emb_text)
    __asm___12_rtx_thread_c_add96be5__atomic_chk32_any 0x0800063d   Thumb Code    34  rtx_thread.o(.emb_text)
    __asm___12_rtx_thread_c_add96be5__atomic_inc32 0x0800065f   Thumb Code    18  rtx_thread.o(.emb_text)
    __asm___12_rtx_thread_c_add96be5__atomic_inc16_lt 0x08000671   Thumb Code    30  rtx_thread.o(.emb_text)
    __asm___12_rtx_thread_c_add96be5__atomic_inc16_lim 0x0800068f   Thumb Code    26  rtx_thread.o(.emb_text)
    __asm___12_rtx_thread_c_add96be5__atomic_dec32 0x080006a9   Thumb Code    18  rtx_thread.o(.emb_text)
    __asm___12_rtx_thread_c_add96be5__atomic_dec32_nz 0x080006bb   Thumb Code    26  rtx_thread.o(.emb_text)
    __asm___12_rtx_thread_c_add96be5__atomic_dec16_nz 0x080006d5   Thumb Code    26  rtx_thread.o(.emb_text)
    __asm___12_rtx_thread_c_add96be5__atomic_link_get 0x080006ef   Thumb Code    26  rtx_thread.o(.emb_text)
    __asm___12_rtx_thread_c_add96be5__atomic_link_put 0x08000709   Thumb Code    28  rtx_thread.o(.emb_text)
    __asm___15_EventRecorder_c_e8d3082c__atomic_inc8 0x08000725   Thumb Code    18  eventrecorder.o(.emb_text)
    __asm___15_EventRecorder_c_e8d3082c__atomic_inc32 0x08000737   Thumb Code    18  eventrecorder.o(.emb_text)
    __asm___15_EventRecorder_c_e8d3082c__atomic_xch32 0x08000749   Thumb Code    16  eventrecorder.o(.emb_text)
    __asm___15_EventRecorder_c_e8d3082c__LockRecord 0x08000759   Thumb Code    34  eventrecorder.o(.emb_text)
    __asm___15_EventRecorder_c_e8d3082c__UnlockRecord 0x0800077b   Thumb Code    30  eventrecorder.o(.emb_text)
    SVC_Handler                              0x08000799   Thumb Code   108  irq_armv7m.o(.text)
    PendSV_Handler                           0x08000805   Thumb Code    16  irq_armv7m.o(.text)
    SysTick_Handler                          0x08000815   Thumb Code    16  irq_armv7m.o(.text)
    Reset_Handler                            0x0800082d   Thumb Code     8  startup_stm32wb55xx_cm4.o(.text)
    ADC1_IRQHandler                          0x08000847   Thumb Code     0  startup_stm32wb55xx_cm4.o(.text)
    AES1_IRQHandler                          0x08000847   Thumb Code     0  startup_stm32wb55xx_cm4.o(.text)
    AES2_IRQHandler                          0x08000847   Thumb Code     0  startup_stm32wb55xx_cm4.o(.text)
    C2SEV_PWR_C2H_IRQHandler                 0x08000847   Thumb Code     0  startup_stm32wb55xx_cm4.o(.text)
    COMP_IRQHandler                          0x08000847   Thumb Code     0  startup_stm32wb55xx_cm4.o(.text)
    CRS_IRQHandler                           0x08000847   Thumb Code     0  startup_stm32wb55xx_cm4.o(.text)
    DMA1_Channel1_IRQHandler                 0x08000847   Thumb Code     0  startup_stm32wb55xx_cm4.o(.text)
    DMA1_Channel2_IRQHandler                 0x08000847   Thumb Code     0  startup_stm32wb55xx_cm4.o(.text)
    DMA1_Channel3_IRQHandler                 0x08000847   Thumb Code     0  startup_stm32wb55xx_cm4.o(.text)
    DMA1_Channel4_IRQHandler                 0x08000847   Thumb Code     0  startup_stm32wb55xx_cm4.o(.text)
    DMA1_Channel5_IRQHandler                 0x08000847   Thumb Code     0  startup_stm32wb55xx_cm4.o(.text)
    DMA1_Channel6_IRQHandler                 0x08000847   Thumb Code     0  startup_stm32wb55xx_cm4.o(.text)
    DMA1_Channel7_IRQHandler                 0x08000847   Thumb Code     0  startup_stm32wb55xx_cm4.o(.text)
    DMA2_Channel1_IRQHandler                 0x08000847   Thumb Code     0  startup_stm32wb55xx_cm4.o(.text)
    DMA2_Channel2_IRQHandler                 0x08000847   Thumb Code     0  startup_stm32wb55xx_cm4.o(.text)
    DMA2_Channel3_IRQHandler                 0x08000847   Thumb Code     0  startup_stm32wb55xx_cm4.o(.text)
    DMA2_Channel4_IRQHandler                 0x08000847   Thumb Code     0  startup_stm32wb55xx_cm4.o(.text)
    DMA2_Channel5_IRQHandler                 0x08000847   Thumb Code     0  startup_stm32wb55xx_cm4.o(.text)
    DMA2_Channel6_IRQHandler                 0x08000847   Thumb Code     0  startup_stm32wb55xx_cm4.o(.text)
    DMA2_Channel7_IRQHandler                 0x08000847   Thumb Code     0  startup_stm32wb55xx_cm4.o(.text)
    DMAMUX1_OVR_IRQHandler                   0x08000847   Thumb Code     0  startup_stm32wb55xx_cm4.o(.text)
    EXTI0_IRQHandler                         0x08000847   Thumb Code     0  startup_stm32wb55xx_cm4.o(.text)
    EXTI15_10_IRQHandler                     0x08000847   Thumb Code     0  startup_stm32wb55xx_cm4.o(.text)
    EXTI1_IRQHandler                         0x08000847   Thumb Code     0  startup_stm32wb55xx_cm4.o(.text)
    EXTI2_IRQHandler                         0x08000847   Thumb Code     0  startup_stm32wb55xx_cm4.o(.text)
    EXTI3_IRQHandler                         0x08000847   Thumb Code     0  startup_stm32wb55xx_cm4.o(.text)
    EXTI4_IRQHandler                         0x08000847   Thumb Code     0  startup_stm32wb55xx_cm4.o(.text)
    EXTI9_5_IRQHandler                       0x08000847   Thumb Code     0  startup_stm32wb55xx_cm4.o(.text)
    FLASH_IRQHandler                         0x08000847   Thumb Code     0  startup_stm32wb55xx_cm4.o(.text)
    FPU_IRQHandler                           0x08000847   Thumb Code     0  startup_stm32wb55xx_cm4.o(.text)
    HSEM_IRQHandler                          0x08000847   Thumb Code     0  startup_stm32wb55xx_cm4.o(.text)
    I2C1_ER_IRQHandler                       0x08000847   Thumb Code     0  startup_stm32wb55xx_cm4.o(.text)
    I2C1_EV_IRQHandler                       0x08000847   Thumb Code     0  startup_stm32wb55xx_cm4.o(.text)
    I2C3_ER_IRQHandler                       0x08000847   Thumb Code     0  startup_stm32wb55xx_cm4.o(.text)
    I2C3_EV_IRQHandler                       0x08000847   Thumb Code     0  startup_stm32wb55xx_cm4.o(.text)
    IPCC_C1_RX_IRQHandler                    0x08000847   Thumb Code     0  startup_stm32wb55xx_cm4.o(.text)
    IPCC_C1_TX_IRQHandler                    0x08000847   Thumb Code     0  startup_stm32wb55xx_cm4.o(.text)
    LCD_IRQHandler                           0x08000847   Thumb Code     0  startup_stm32wb55xx_cm4.o(.text)
    LPTIM1_IRQHandler                        0x08000847   Thumb Code     0  startup_stm32wb55xx_cm4.o(.text)
    LPTIM2_IRQHandler                        0x08000847   Thumb Code     0  startup_stm32wb55xx_cm4.o(.text)
    LPUART1_IRQHandler                       0x08000847   Thumb Code     0  startup_stm32wb55xx_cm4.o(.text)
    PKA_IRQHandler                           0x08000847   Thumb Code     0  startup_stm32wb55xx_cm4.o(.text)
    PVD_PVM_IRQHandler                       0x08000847   Thumb Code     0  startup_stm32wb55xx_cm4.o(.text)
    PWR_SOTF_BLEACT_802ACT_RFPHASE_IRQHandler 0x08000847   Thumb Code     0  startup_stm32wb55xx_cm4.o(.text)
    QUADSPI_IRQHandler                       0x08000847   Thumb Code     0  startup_stm32wb55xx_cm4.o(.text)
    RCC_IRQHandler                           0x08000847   Thumb Code     0  startup_stm32wb55xx_cm4.o(.text)
    RNG_IRQHandler                           0x08000847   Thumb Code     0  startup_stm32wb55xx_cm4.o(.text)
    RTC_Alarm_IRQHandler                     0x08000847   Thumb Code     0  startup_stm32wb55xx_cm4.o(.text)
    RTC_WKUP_IRQHandler                      0x08000847   Thumb Code     0  startup_stm32wb55xx_cm4.o(.text)
    SAI1_IRQHandler                          0x08000847   Thumb Code     0  startup_stm32wb55xx_cm4.o(.text)
    SPI1_IRQHandler                          0x08000847   Thumb Code     0  startup_stm32wb55xx_cm4.o(.text)
    SPI2_IRQHandler                          0x08000847   Thumb Code     0  startup_stm32wb55xx_cm4.o(.text)
    TAMP_STAMP_LSECSS_IRQHandler             0x08000847   Thumb Code     0  startup_stm32wb55xx_cm4.o(.text)
    TIM1_BRK_IRQHandler                      0x08000847   Thumb Code     0  startup_stm32wb55xx_cm4.o(.text)
    TIM1_CC_IRQHandler                       0x08000847   Thumb Code     0  startup_stm32wb55xx_cm4.o(.text)
    TIM1_TRG_COM_TIM17_IRQHandler            0x08000847   Thumb Code     0  startup_stm32wb55xx_cm4.o(.text)
    TIM1_UP_TIM16_IRQHandler                 0x08000847   Thumb Code     0  startup_stm32wb55xx_cm4.o(.text)
    TIM2_IRQHandler                          0x08000847   Thumb Code     0  startup_stm32wb55xx_cm4.o(.text)
    TSC_IRQHandler                           0x08000847   Thumb Code     0  startup_stm32wb55xx_cm4.o(.text)
    USART1_IRQHandler                        0x08000847   Thumb Code     0  startup_stm32wb55xx_cm4.o(.text)
    USB_HP_IRQHandler                        0x08000847   Thumb Code     0  startup_stm32wb55xx_cm4.o(.text)
    USB_LP_IRQHandler                        0x08000847   Thumb Code     0  startup_stm32wb55xx_cm4.o(.text)
    WWDG_IRQHandler                          0x08000847   Thumb Code     0  startup_stm32wb55xx_cm4.o(.text)
    __user_initial_stackheap                 0x08000849   Thumb Code     0  startup_stm32wb55xx_cm4.o(.text)
    __aeabi_memcpy                           0x0800086d   Thumb Code     0  rt_memcpy_v6.o(.text)
    __rt_memcpy                              0x0800086d   Thumb Code   138  rt_memcpy_v6.o(.text)
    _memcpy_lastbytes                        0x080008d3   Thumb Code     0  rt_memcpy_v6.o(.text)
    __aeabi_memclr                           0x080008f7   Thumb Code     0  rt_memclr.o(.text)
    __rt_memclr                              0x080008f7   Thumb Code    68  rt_memclr.o(.text)
    _memset                                  0x080008fb   Thumb Code     0  rt_memclr.o(.text)
    __aeabi_memclr4                          0x0800093b   Thumb Code     0  rt_memclr_w.o(.text)
    __aeabi_memclr8                          0x0800093b   Thumb Code     0  rt_memclr_w.o(.text)
    __rt_memclr_w                            0x0800093b   Thumb Code    78  rt_memclr_w.o(.text)
    _memset_w                                0x0800093f   Thumb Code     0  rt_memclr_w.o(.text)
    __use_two_region_memory                  0x08000989   Thumb Code     2  heapauxi.o(.text)
    __rt_heap_escrow$2region                 0x0800098b   Thumb Code     2  heapauxi.o(.text)
    __rt_heap_expand$2region                 0x0800098d   Thumb Code     2  heapauxi.o(.text)
    __aeabi_memcpy4                          0x0800098f   Thumb Code     0  rt_memcpy_w.o(.text)
    __aeabi_memcpy8                          0x0800098f   Thumb Code     0  rt_memcpy_w.o(.text)
    __rt_memcpy_w                            0x0800098f   Thumb Code   100  rt_memcpy_w.o(.text)
    _memcpy_lastbytes_aligned                0x080009d7   Thumb Code     0  rt_memcpy_w.o(.text)
    __user_setup_stackheap                   0x080009f3   Thumb Code    74  sys_stackheap_outer.o(.text)
    exit                                     0x08000a3d   Thumb Code    18  exit.o(.text)
    __user_libspace                          0x08000a51   Thumb Code     8  libspace.o(.text)
    __user_perproc_libspace                  0x08000a51   Thumb Code     0  libspace.o(.text)
    _sys_exit                                0x08000a59   Thumb Code     8  sys_exit.o(.text)
    __I$use$semihosting                      0x08000a65   Thumb Code     0  use_no_semi.o(.text)
    __use_no_semihosting_swi                 0x08000a65   Thumb Code     2  use_no_semi.o(.text)
    BusFault_Handler                         0x08000a67   Thumb Code     4  stm32wbxx_it.o(i.BusFault_Handler)
    __semihosting_library_function           0x08000a67   Thumb Code     0  indicate_semi.o(.text)
    Buttons_GetCount                         0x08000a6b   Thumb Code     4  buttons_nucleo-wb55.o(i.Buttons_GetCount)
    Buttons_GetState                         0x08000a71   Thumb Code    56  buttons_nucleo-wb55.o(i.Buttons_GetState)
    Buttons_Initialize                       0x08000aad   Thumb Code     4  buttons_nucleo-wb55.o(i.Buttons_Initialize)
    DebugMon_Handler                         0x08000ab1   Thumb Code     2  stm32wbxx_it.o(i.DebugMon_Handler)
    Error_Handler                            0x08000ab3   Thumb Code     2  main.o(i.Error_Handler)
    EventRecord2                             0x08000b19   Thumb Code    70  eventrecorder.o(i.EventRecord2)
    EventRecord4                             0x08000b5f   Thumb Code   118  eventrecorder.o(i.EventRecord4)
    EventRecorderEnable                      0x08000cad   Thumb Code    88  eventrecorder.o(i.EventRecorderEnable)
    EventRecorderInitialize                  0x08000d09   Thumb Code   286  eventrecorder.o(i.EventRecorderInitialize)
    EventRecorderStart                       0x08000e45   Thumb Code    40  eventrecorder.o(i.EventRecorderStart)
    EventRecorderTimerGetCount               0x08000e75   Thumb Code    22  eventrecorder.o(i.EventRecorderTimerGetCount)
    EventRecorderTimerSetup                  0x08000e8d   Thumb Code    10  eventrecorder.o(i.EventRecorderTimerSetup)
    EvrRtxDelay                              0x08000e9d   Thumb Code    16  rtx_evr.o(i.EvrRtxDelay)
    EvrRtxDelayCompleted                     0x08000eb1   Thumb Code    16  rtx_evr.o(i.EvrRtxDelayCompleted)
    EvrRtxDelayError                         0x08000ec5   Thumb Code    18  rtx_evr.o(i.EvrRtxDelayError)
    EvrRtxDelayStarted                       0x08000ed9   Thumb Code    16  rtx_evr.o(i.EvrRtxDelayStarted)
    EvrRtxEventFlagsWaitTimeout              0x08000eed   Thumb Code    16  rtx_evr.o(i.EvrRtxEventFlagsWaitTimeout)
    EvrRtxKernelError                        0x08000f01   Thumb Code    18  rtx_evr.o(i.EvrRtxKernelError)
    EvrRtxKernelErrorNotify                  0x08000f13   Thumb Code    20  rtx_evr.o(i.EvrRtxKernelErrorNotify)
    EvrRtxKernelGetTickCount                 0x08000f29   Thumb Code    16  rtx_evr.o(i.EvrRtxKernelGetTickCount)
    EvrRtxKernelInitialize                   0x08000f3d   Thumb Code    14  rtx_evr.o(i.EvrRtxKernelInitialize)
    EvrRtxKernelInitialized                  0x08000f51   Thumb Code    14  rtx_evr.o(i.EvrRtxKernelInitialized)
    EvrRtxKernelStart                        0x08000f65   Thumb Code    14  rtx_evr.o(i.EvrRtxKernelStart)
    EvrRtxKernelStarted                      0x08000f79   Thumb Code    14  rtx_evr.o(i.EvrRtxKernelStarted)
    EvrRtxMemoryAlloc                        0x08000f8d   Thumb Code    26  rtx_evr.o(i.EvrRtxMemoryAlloc)
    EvrRtxMemoryBlockAlloc                   0x08000fad   Thumb Code    18  rtx_evr.o(i.EvrRtxMemoryBlockAlloc)
    EvrRtxMemoryBlockFree                    0x08000fc5   Thumb Code    26  rtx_evr.o(i.EvrRtxMemoryBlockFree)
    EvrRtxMemoryBlockInit                    0x08000fe5   Thumb Code    26  rtx_evr.o(i.EvrRtxMemoryBlockInit)
    EvrRtxMemoryFree                         0x08001005   Thumb Code    26  rtx_evr.o(i.EvrRtxMemoryFree)
    EvrRtxMemoryInit                         0x08001025   Thumb Code    28  rtx_evr.o(i.EvrRtxMemoryInit)
    EvrRtxMemoryPoolAllocTimeout             0x08001041   Thumb Code    16  rtx_evr.o(i.EvrRtxMemoryPoolAllocTimeout)
    EvrRtxMessageQueueCreated                0x08001055   Thumb Code    18  rtx_evr.o(i.EvrRtxMessageQueueCreated)
    EvrRtxMessageQueueError                  0x0800106d   Thumb Code    20  rtx_evr.o(i.EvrRtxMessageQueueError)
    EvrRtxMessageQueueGet                    0x08001081   Thumb Code    26  rtx_evr.o(i.EvrRtxMessageQueueGet)
    EvrRtxMessageQueueGetPending             0x080010a1   Thumb Code    26  rtx_evr.o(i.EvrRtxMessageQueueGetPending)
    EvrRtxMessageQueueGetTimeout             0x080010c1   Thumb Code    16  rtx_evr.o(i.EvrRtxMessageQueueGetTimeout)
    EvrRtxMessageQueueInsertPending          0x080010d5   Thumb Code    18  rtx_evr.o(i.EvrRtxMessageQueueInsertPending)
    EvrRtxMessageQueueInserted               0x080010ed   Thumb Code    18  rtx_evr.o(i.EvrRtxMessageQueueInserted)
    EvrRtxMessageQueueNotInserted            0x08001105   Thumb Code    18  rtx_evr.o(i.EvrRtxMessageQueueNotInserted)
    EvrRtxMessageQueueNotRetrieved           0x0800111d   Thumb Code    18  rtx_evr.o(i.EvrRtxMessageQueueNotRetrieved)
    EvrRtxMessageQueuePut                    0x08001135   Thumb Code    26  rtx_evr.o(i.EvrRtxMessageQueuePut)
    EvrRtxMessageQueuePutPending             0x08001155   Thumb Code    26  rtx_evr.o(i.EvrRtxMessageQueuePutPending)
    EvrRtxMessageQueuePutTimeout             0x08001175   Thumb Code    16  rtx_evr.o(i.EvrRtxMessageQueuePutTimeout)
    EvrRtxMessageQueueRetrieved              0x08001189   Thumb Code    18  rtx_evr.o(i.EvrRtxMessageQueueRetrieved)
    EvrRtxMutexAcquire                       0x080011a1   Thumb Code    18  rtx_evr.o(i.EvrRtxMutexAcquire)
    EvrRtxMutexAcquirePending                0x080011b9   Thumb Code    18  rtx_evr.o(i.EvrRtxMutexAcquirePending)
    EvrRtxMutexAcquireTimeout                0x080011d1   Thumb Code    16  rtx_evr.o(i.EvrRtxMutexAcquireTimeout)
    EvrRtxMutexAcquired                      0x080011e5   Thumb Code    18  rtx_evr.o(i.EvrRtxMutexAcquired)
    EvrRtxMutexCreated                       0x080011fd   Thumb Code    18  rtx_evr.o(i.EvrRtxMutexCreated)
    EvrRtxMutexDelete                        0x08001215   Thumb Code    16  rtx_evr.o(i.EvrRtxMutexDelete)
    EvrRtxMutexDestroyed                     0x08001229   Thumb Code    16  rtx_evr.o(i.EvrRtxMutexDestroyed)
    EvrRtxMutexError                         0x0800123d   Thumb Code    20  rtx_evr.o(i.EvrRtxMutexError)
    EvrRtxMutexNew                           0x08001251   Thumb Code    16  rtx_evr.o(i.EvrRtxMutexNew)
    EvrRtxMutexNotAcquired                   0x08001265   Thumb Code    16  rtx_evr.o(i.EvrRtxMutexNotAcquired)
    EvrRtxMutexRelease                       0x08001279   Thumb Code    16  rtx_evr.o(i.EvrRtxMutexRelease)
    EvrRtxMutexReleased                      0x0800128d   Thumb Code    18  rtx_evr.o(i.EvrRtxMutexReleased)
    EvrRtxSemaphoreAcquireTimeout            0x080012a5   Thumb Code    16  rtx_evr.o(i.EvrRtxSemaphoreAcquireTimeout)
    EvrRtxThreadBlocked                      0x080012b9   Thumb Code    18  rtx_evr.o(i.EvrRtxThreadBlocked)
    EvrRtxThreadCreated                      0x080012d1   Thumb Code    36  rtx_evr.o(i.EvrRtxThreadCreated)
    EvrRtxThreadDestroyed                    0x080012f9   Thumb Code    16  rtx_evr.o(i.EvrRtxThreadDestroyed)
    EvrRtxThreadError                        0x0800130d   Thumb Code    20  rtx_evr.o(i.EvrRtxThreadError)
    EvrRtxThreadExit                         0x08001321   Thumb Code    14  rtx_evr.o(i.EvrRtxThreadExit)
    EvrRtxThreadFlagsError                   0x08001335   Thumb Code    20  rtx_evr.o(i.EvrRtxThreadFlagsError)
    EvrRtxThreadFlagsSet                     0x08001349   Thumb Code    18  rtx_evr.o(i.EvrRtxThreadFlagsSet)
    EvrRtxThreadFlagsSetDone                 0x08001361   Thumb Code    18  rtx_evr.o(i.EvrRtxThreadFlagsSetDone)
    EvrRtxThreadFlagsWait                    0x08001379   Thumb Code    26  rtx_evr.o(i.EvrRtxThreadFlagsWait)
    EvrRtxThreadFlagsWaitCompleted           0x08001399   Thumb Code    26  rtx_evr.o(i.EvrRtxThreadFlagsWaitCompleted)
    EvrRtxThreadFlagsWaitNotCompleted        0x080013b9   Thumb Code    18  rtx_evr.o(i.EvrRtxThreadFlagsWaitNotCompleted)
    EvrRtxThreadFlagsWaitPending             0x080013d1   Thumb Code    26  rtx_evr.o(i.EvrRtxThreadFlagsWaitPending)
    EvrRtxThreadFlagsWaitTimeout             0x080013f1   Thumb Code    16  rtx_evr.o(i.EvrRtxThreadFlagsWaitTimeout)
    EvrRtxThreadJoined                       0x08001405   Thumb Code    16  rtx_evr.o(i.EvrRtxThreadJoined)
    EvrRtxThreadNew                          0x08001419   Thumb Code    26  rtx_evr.o(i.EvrRtxThreadNew)
    EvrRtxThreadPreempted                    0x08001439   Thumb Code    16  rtx_evr.o(i.EvrRtxThreadPreempted)
    EvrRtxThreadSwitched                     0x0800144d   Thumb Code    16  rtx_evr.o(i.EvrRtxThreadSwitched)
    EvrRtxThreadUnblocked                    0x08001461   Thumb Code    18  rtx_evr.o(i.EvrRtxThreadUnblocked)
    EvrRtxTimerCallback                      0x08001479   Thumb Code    18  rtx_evr.o(i.EvrRtxTimerCallback)
    HAL_GPIO_Init                            0x080014a1   Thumb Code   400  stm32wbxx_hal_gpio.o(i.HAL_GPIO_Init)
    HAL_GPIO_ReadPin                         0x08001649   Thumb Code    16  stm32wbxx_hal_gpio.o(i.HAL_GPIO_ReadPin)
    HAL_GPIO_WritePin                        0x08001659   Thumb Code    10  stm32wbxx_hal_gpio.o(i.HAL_GPIO_WritePin)
    HAL_GetTick                              0x08001665   Thumb Code    66  main.o(i.HAL_GetTick)
    HAL_GetTickPrio                          0x080016b1   Thumb Code     6  stm32wbxx_hal.o(i.HAL_GetTickPrio)
    HAL_Init                                 0x080016bd   Thumb Code    42  stm32wbxx_hal.o(i.HAL_Init)
    HAL_InitTick                             0x080016ed   Thumb Code    74  stm32wbxx_hal.o(i.HAL_InitTick)
    HAL_MspInit                              0x08001741   Thumb Code    24  stm32wbxx_hal_msp.o(i.HAL_MspInit)
    HAL_NVIC_SetPriority                     0x08001759   Thumb Code   122  stm32wbxx_hal_cortex.o(i.HAL_NVIC_SetPriority)
    HAL_NVIC_SetPriorityGrouping             0x080017d5   Thumb Code    32  stm32wbxx_hal_cortex.o(i.HAL_NVIC_SetPriorityGrouping)
    HAL_PWREx_GetVoltageRange                0x080017fd   Thumb Code    10  stm32wbxx_hal_pwr_ex.o(i.HAL_PWREx_GetVoltageRange)
    HAL_PWR_EnableBkUpAccess                 0x0800180d   Thumb Code    14  stm32wbxx_hal_pwr.o(i.HAL_PWR_EnableBkUpAccess)
    HAL_RCCEx_PeriphCLKConfig                0x08001821   Thumb Code   752  stm32wbxx_hal_rcc_ex.o(i.HAL_RCCEx_PeriphCLKConfig)
    HAL_RCC_ClockConfig                      0x08001b15   Thumb Code   632  stm32wbxx_hal_rcc.o(i.HAL_RCC_ClockConfig)
    HAL_RCC_GetHCLKFreq                      0x08001d99   Thumb Code    30  stm32wbxx_hal_rcc.o(i.HAL_RCC_GetHCLKFreq)
    HAL_RCC_GetSysClockFreq                  0x08001dbd   Thumb Code   162  stm32wbxx_hal_rcc.o(i.HAL_RCC_GetSysClockFreq)
    HAL_RCC_OscConfig                        0x08001e71   Thumb Code  1678  stm32wbxx_hal_rcc.o(i.HAL_RCC_OscConfig)
    HAL_SYSTICK_Config                       0x0800250d   Thumb Code    52  stm32wbxx_hal_cortex.o(i.HAL_SYSTICK_Config)
    HardFault_Handler                        0x08002541   Thumb Code     4  stm32wbxx_it.o(i.HardFault_Handler)
    LED_GetCount                             0x0800261d   Thumb Code     4  led_nucleo-wb55.o(i.LED_GetCount)
    LED_Initialize                           0x08002621   Thumb Code     4  led_nucleo-wb55.o(i.LED_Initialize)
    LED_Off                                  0x08002625   Thumb Code    70  led_nucleo-wb55.o(i.LED_Off)
    LED_On                                   0x08002671   Thumb Code    70  led_nucleo-wb55.o(i.LED_On)
    MemManage_Handler                        0x080029ab   Thumb Code     4  stm32wbxx_it.o(i.MemManage_Handler)
    NMI_Handler                              0x08002a51   Thumb Code     2  stm32wbxx_it.o(i.NMI_Handler)
    OS_Tick_AcknowledgeIRQ                   0x08002a53   Thumb Code     8  os_systick.o(i.OS_Tick_AcknowledgeIRQ)
    OS_Tick_Enable                           0x08002a5d   Thumb Code    38  os_systick.o(i.OS_Tick_Enable)
    OS_Tick_GetCount                         0x08002a8d   Thumb Code    12  os_systick.o(i.OS_Tick_GetCount)
    OS_Tick_GetIRQn                          0x08002a99   Thumb Code     6  os_systick.o(i.OS_Tick_GetIRQn)
    OS_Tick_GetInterval                      0x08002a9f   Thumb Code    10  os_systick.o(i.OS_Tick_GetInterval)
    OS_Tick_GetOverflow                      0x08002aa9   Thumb Code    10  os_systick.o(i.OS_Tick_GetOverflow)
    OS_Tick_Setup                            0x08002ab9   Thumb Code    66  os_systick.o(i.OS_Tick_Setup)
    SystemClock_Config                       0x08002dd5   Thumb Code   162  main.o(i.SystemClock_Config)
    SystemCoreClockUpdate                    0x08002e7d   Thumb Code   188  system_stm32wbxx.o(i.SystemCoreClockUpdate)
    SystemInit                               0x08002f4d   Thumb Code   112  system_stm32wbxx.o(i.SystemInit)
    UsageFault_Handler                       0x08003091   Thumb Code     4  stm32wbxx_it.o(i.UsageFault_Handler)
    _mutex_acquire                           0x080030d7   Thumb Code    22  rtx_lib.o(i._mutex_acquire)
    _mutex_free                              0x080030ed   Thumb Code    12  rtx_lib.o(i._mutex_free)
    _mutex_initialize                        0x080030f9   Thumb Code    34  rtx_lib.o(i._mutex_initialize)
    _mutex_release                           0x0800311b   Thumb Code    18  rtx_lib.o(i._mutex_release)
    _platform_post_stackheap_init            0x0800312d   Thumb Code     8  rtx_lib.o(i._platform_post_stackheap_init)
    app_main                                 0x08003135   Thumb Code    40  blinky.o(i.app_main)
    main                                     0x0800338d   Thumb Code    38  main.o(i.main)
    osDelay                                  0x080033bd   Thumb Code    54  rtx_delay.o(i.osDelay)
    osKernelGetState                         0x080033f9   Thumb Code    44  rtx_kernel.o(i.osKernelGetState)
    osKernelGetSysTimerCount                 0x08003429   Thumb Code    38  rtx_kernel.o(i.osKernelGetSysTimerCount)
    osKernelGetTickCount                     0x08003455   Thumb Code    38  rtx_kernel.o(i.osKernelGetTickCount)
    osKernelInitialize                       0x08003481   Thumb Code    52  rtx_kernel.o(i.osKernelInitialize)
    osKernelStart                            0x080034b9   Thumb Code    48  rtx_kernel.o(i.osKernelStart)
    osMessageQueueGet                        0x080034ed   Thumb Code    78  rtx_msgqueue.o(i.osMessageQueueGet)
    osMessageQueuePut                        0x08003541   Thumb Code    78  rtx_msgqueue.o(i.osMessageQueuePut)
    osMutexAcquire                           0x08003595   Thumb Code    62  rtx_mutex.o(i.osMutexAcquire)
    osMutexDelete                            0x080035d9   Thumb Code    56  rtx_mutex.o(i.osMutexDelete)
    osMutexNew                               0x08003615   Thumb Code    54  rtx_mutex.o(i.osMutexNew)
    osMutexRelease                           0x08003651   Thumb Code    56  rtx_mutex.o(i.osMutexRelease)
    osRtxErrorNotify                         0x0800368d   Thumb Code    32  rtx_config.o(i.osRtxErrorNotify)
    osRtxIdleThread                          0x080036ad   Thumb Code     4  rtx_config.o(i.osRtxIdleThread)
    osRtxKernelErrorNotify                   0x080036b1   Thumb Code    24  rtx_kernel.o(i.osRtxKernelErrorNotify)
    osRtxKernelPreInit                       0x080036d5   Thumb Code    24  rtx_lib.o(i.osRtxKernelPreInit)
    osRtxMemoryAlloc                         0x080036ed   Thumb Code   238  rtx_memory.o(i.osRtxMemoryAlloc)
    osRtxMemoryFree                          0x080037db   Thumb Code   124  rtx_memory.o(i.osRtxMemoryFree)
    osRtxMemoryInit                          0x08003857   Thumb Code   106  rtx_memory.o(i.osRtxMemoryInit)
    osRtxMemoryPoolAlloc                     0x080038c1   Thumb Code    48  rtx_mempool.o(i.osRtxMemoryPoolAlloc)
    osRtxMemoryPoolFree                      0x080038f1   Thumb Code    68  rtx_mempool.o(i.osRtxMemoryPoolFree)
    osRtxMemoryPoolInit                      0x08003935   Thumb Code    88  rtx_mempool.o(i.osRtxMemoryPoolInit)
    osRtxMessageQueueTimerSetup              0x08003a95   Thumb Code    36  rtx_msgqueue.o(i.osRtxMessageQueueTimerSetup)
    osRtxMutexOwnerRelease                   0x08003ac1   Thumb Code   102  rtx_mutex.o(i.osRtxMutexOwnerRelease)
    osRtxMutexOwnerRestore                   0x08003b27   Thumb Code    88  rtx_mutex.o(i.osRtxMutexOwnerRestore)
    osRtxPendSV_Handler                      0x08003b81   Thumb Code   130  rtx_system.o(i.osRtxPendSV_Handler)
    osRtxPostProcess                         0x08003c09   Thumb Code    50  rtx_system.o(i.osRtxPostProcess)
    osRtxThreadDelayTick                     0x08003d4d   Thumb Code   298  rtx_thread.o(i.osRtxThreadDelayTick)
    osRtxThreadDispatch                      0x08003ebd   Thumb Code   102  rtx_thread.o(i.osRtxThreadDispatch)
    osRtxThreadListGet                       0x08003fbf   Thumb Code    26  rtx_thread.o(i.osRtxThreadListGet)
    osRtxThreadListPut                       0x08003fd9   Thumb Code    44  rtx_thread.o(i.osRtxThreadListPut)
    osRtxThreadListRemove                    0x08004005   Thumb Code    26  rtx_thread.o(i.osRtxThreadListRemove)
    osRtxThreadListSort                      0x0800402f   Thumb Code    42  rtx_thread.o(i.osRtxThreadListSort)
    osRtxThreadReadyPut                      0x0800408d   Thumb Code    18  rtx_thread.o(i.osRtxThreadReadyPut)
    osRtxThreadRegPtr                        0x080040a5   Thumb Code    24  rtx_thread.o(i.osRtxThreadRegPtr)
    osRtxThreadStackCheck                    0x080040d5   Thumb Code    28  rtx_thread.o(i.osRtxThreadStackCheck)
    osRtxThreadStartup                       0x080040f5   Thumb Code    76  rtx_thread.o(i.osRtxThreadStartup)
    osRtxThreadSwitch                        0x0800414d   Thumb Code    20  rtx_thread.o(i.osRtxThreadSwitch)
    osRtxThreadWaitEnter                     0x08004165   Thumb Code    72  rtx_thread.o(i.osRtxThreadWaitEnter)
    osRtxThreadWaitExit                      0x080041b1   Thumb Code    54  rtx_thread.o(i.osRtxThreadWaitExit)
    osRtxTick_Handler                        0x080041e9   Thumb Code   152  rtx_system.o(i.osRtxTick_Handler)
    osRtxTimerSetup                          0x08004285   Thumb Code    24  rtx_timer.o(i.osRtxTimerSetup)
    osRtxTimerThread                         0x080042a5   Thumb Code    44  rtx_timer.o(i.osRtxTimerThread)
    osThreadExit                             0x08004361   Thumb Code    28  rtx_thread.o(i.osThreadExit)
    osThreadFlagsSet                         0x08004381   Thumb Code    58  rtx_thread.o(i.osThreadFlagsSet)
    osThreadFlagsWait                        0x080043c1   Thumb Code    72  rtx_thread.o(i.osThreadFlagsWait)
    osThreadNew                              0x0800440d   Thumb Code    70  rtx_thread.o(i.osThreadNew)
    _fp_init                                 0x08005405   Thumb Code    10  fpinit.o(x$fpl$fpinit)
    __fplib_config_fpu_vfp                   0x0800540d   Thumb Code     0  fpinit.o(x$fpl$fpinit)
    __fplib_config_pureend_doubles           0x0800540d   Thumb Code     0  fpinit.o(x$fpl$fpinit)
    app_main_attr                            0x08005410   Data          36  blinky.o(.constdata)
    irqRtxLib                                0x08005464   Data           1  irq_armv7m.o(.constdata)
    irqRtxLibRef                             0x080054c8   Data           4  rtx_lib.o(.constdata)
    osRtxUserSVC                             0x080054cc   Data           4  rtx_lib.o(.constdata)
    EventRecorderInfo                        0x080054d0   Data          24  eventrecorder.o(.constdata)
    AHBPrescTable                            0x08005514   Data          64  system_stm32wbxx.o(.constdata)
    APBPrescTable                            0x08005554   Data          32  system_stm32wbxx.o(.constdata)
    MSIRangeTable                            0x08005574   Data          64  system_stm32wbxx.o(.constdata)
    SmpsPrescalerTable                       0x080055b4   Data          96  system_stm32wbxx.o(.constdata)
    osRtxConfig                              0x08005620   Data         112  rtx_lib.o(.rodata)
    os_cb_sections                           0x08005690   Data          56  rtx_lib.o(.rodata)
    Region$$Table$$Base                      0x080056c8   Number         0  anon$$obj.o(Region$$Table)
    Region$$Table$$Limit                     0x080056e8   Number         0  anon$$obj.o(Region$$Table)
    .bss.os.msgqueue.cb$$Base                0x20001044   Number         0  rtx_lib.o(.bss.os.msgqueue.cb)
    .bss.os.msgqueue.cb$$Limit               0x20001078   Number         0  rtx_lib.o(.bss.os.msgqueue.cb)
    .bss.os.thread.cb$$Base                  0x200010c8   Number         0  rtx_lib.o(.bss.os.thread.cb)
    .bss.os.thread.cb$$Limit                 0x20001150   Number         0  rtx_lib.o(.bss.os.thread.cb)
    uwTick                                   0x20001364   Data           4  stm32wbxx_hal.o(.data)
    uwTickPrio                               0x20001368   Data           4  stm32wbxx_hal.o(.data)
    uwTickFreq                               0x2000136c   Data           1  stm32wbxx_hal.o(.data)
    SystemCoreClock                          0x20001370   Data           4  system_stm32wbxx.o(.data)
    osRtxInfo                                0x20001374   Data         164  rtx_kernel.o(.data.os)
    app_main_stk                             0x20001418   Data        1024  blinky.o(.bss)
    __libspace_start                         0x20001818   Data          96  libspace.o(.bss)
    __temporary_stack_top$libspace           0x20001878   Data           0  libspace.o(.bss)



==============================================================================

Memory Map of the image

  Image Entry point : 0x0800013d

  Load Region LR_IROM1 (Base: 0x08000000, Size: 0x00006b00, Max: 0x01000000, ABSOLUTE, COMPRESSED[0x00005728])

    Execution Region ER_IROM1 (Exec base: 0x08000000, Load base: 0x08000000, Size: 0x000056e8, Max: 0x01000000, ABSOLUTE)

    Exec Addr    Load Addr    Size         Type   Attr      Idx    E Section Name        Object

    0x08000000   0x08000000   0x0000013c   Data   RO         5078    RESET               startup_stm32wb55xx_cm4.o
    0x0800013c   0x0800013c   0x00000008   Code   RO         5130  * !!!main             c_w.l(__main.o)
    0x08000144   0x08000144   0x00000034   Code   RO         5291    !!!scatter          c_w.l(__scatter.o)
    0x08000178   0x08000178   0x0000003a   Code   RO         5289    !!dczerorl          c_w.l(__dczerorl.o)
    0x080001b2   0x080001b2   0x00000002   PAD
    0x080001b4   0x080001b4   0x0000001c   Code   RO         5293    !!handler_zi        c_w.l(__scatter_zi.o)
    0x080001d0   0x080001d0   0x00000002   Code   RO         5157    .ARM.Collect$$libinit$$00000000  c_w.l(libinit.o)
    0x080001d2   0x080001d2   0x00000004   Code   RO         5163    .ARM.Collect$$libinit$$00000001  c_w.l(libinit2.o)
    0x080001d6   0x080001d6   0x00000000   Code   RO         5166    .ARM.Collect$$libinit$$00000004  c_w.l(libinit2.o)
    0x080001d6   0x080001d6   0x00000000   Code   RO         5169    .ARM.Collect$$libinit$$0000000A  c_w.l(libinit2.o)
    0x080001d6   0x080001d6   0x00000000   Code   RO         5171    .ARM.Collect$$libinit$$0000000C  c_w.l(libinit2.o)
    0x080001d6   0x080001d6   0x00000000   Code   RO         5173    .ARM.Collect$$libinit$$0000000E  c_w.l(libinit2.o)
    0x080001d6   0x080001d6   0x00000000   Code   RO         5176    .ARM.Collect$$libinit$$00000011  c_w.l(libinit2.o)
    0x080001d6   0x080001d6   0x00000000   Code   RO         5178    .ARM.Collect$$libinit$$00000013  c_w.l(libinit2.o)
    0x080001d6   0x080001d6   0x00000000   Code   RO         5180    .ARM.Collect$$libinit$$00000015  c_w.l(libinit2.o)
    0x080001d6   0x080001d6   0x00000000   Code   RO         5182    .ARM.Collect$$libinit$$00000017  c_w.l(libinit2.o)
    0x080001d6   0x080001d6   0x00000000   Code   RO         5184    .ARM.Collect$$libinit$$00000019  c_w.l(libinit2.o)
    0x080001d6   0x080001d6   0x00000000   Code   RO         5186    .ARM.Collect$$libinit$$0000001B  c_w.l(libinit2.o)
    0x080001d6   0x080001d6   0x00000000   Code   RO         5188    .ARM.Collect$$libinit$$0000001D  c_w.l(libinit2.o)
    0x080001d6   0x080001d6   0x00000000   Code   RO         5190    .ARM.Collect$$libinit$$0000001F  c_w.l(libinit2.o)
    0x080001d6   0x080001d6   0x00000000   Code   RO         5192    .ARM.Collect$$libinit$$00000021  c_w.l(libinit2.o)
    0x080001d6   0x080001d6   0x00000000   Code   RO         5194    .ARM.Collect$$libinit$$00000023  c_w.l(libinit2.o)
    0x080001d6   0x080001d6   0x00000000   Code   RO         5196    .ARM.Collect$$libinit$$00000025  c_w.l(libinit2.o)
    0x080001d6   0x080001d6   0x00000000   Code   RO         5200    .ARM.Collect$$libinit$$0000002C  c_w.l(libinit2.o)
    0x080001d6   0x080001d6   0x00000000   Code   RO         5202    .ARM.Collect$$libinit$$0000002E  c_w.l(libinit2.o)
    0x080001d6   0x080001d6   0x00000000   Code   RO         5204    .ARM.Collect$$libinit$$00000030  c_w.l(libinit2.o)
    0x080001d6   0x080001d6   0x00000000   Code   RO         5206    .ARM.Collect$$libinit$$00000032  c_w.l(libinit2.o)
    0x080001d6   0x080001d6   0x00000002   Code   RO         5207    .ARM.Collect$$libinit$$00000033  c_w.l(libinit2.o)
    0x080001d8   0x080001d8   0x00000002   Code   RO         5227    .ARM.Collect$$libshutdown$$00000000  c_w.l(libshutdown.o)
    0x080001da   0x080001da   0x00000000   Code   RO         5240    .ARM.Collect$$libshutdown$$00000002  c_w.l(libshutdown2.o)
    0x080001da   0x080001da   0x00000000   Code   RO         5242    .ARM.Collect$$libshutdown$$00000004  c_w.l(libshutdown2.o)
    0x080001da   0x080001da   0x00000000   Code   RO         5244    .ARM.Collect$$libshutdown$$00000006  c_w.l(libshutdown2.o)
    0x080001da   0x080001da   0x00000000   Code   RO         5247    .ARM.Collect$$libshutdown$$00000009  c_w.l(libshutdown2.o)
    0x080001da   0x080001da   0x00000000   Code   RO         5250    .ARM.Collect$$libshutdown$$0000000C  c_w.l(libshutdown2.o)
    0x080001da   0x080001da   0x00000000   Code   RO         5252    .ARM.Collect$$libshutdown$$0000000E  c_w.l(libshutdown2.o)
    0x080001da   0x080001da   0x00000000   Code   RO         5255    .ARM.Collect$$libshutdown$$00000011  c_w.l(libshutdown2.o)
    0x080001da   0x080001da   0x00000002   Code   RO         5256    .ARM.Collect$$libshutdown$$00000012  c_w.l(libshutdown2.o)
    0x080001dc   0x080001dc   0x00000000   Code   RO         5132    .ARM.Collect$$rtentry$$00000000  c_w.l(__rtentry.o)
    0x080001dc   0x080001dc   0x00000000   Code   RO         5136    .ARM.Collect$$rtentry$$00000002  c_w.l(__rtentry2.o)
    0x080001dc   0x080001dc   0x00000006   Code   RO         5148    .ARM.Collect$$rtentry$$00000004  c_w.l(__rtentry4.o)
    0x080001e2   0x080001e2   0x00000008   Code   RO         5137    .ARM.Collect$$rtentry$$00000008  c_w.l(__rtentry2.o)
    0x080001ea   0x080001ea   0x00000004   Code   RO         5139    .ARM.Collect$$rtentry$$0000000A  c_w.l(__rtentry2.o)
    0x080001ee   0x080001ee   0x00000000   Code   RO         5141    .ARM.Collect$$rtentry$$0000000C  c_w.l(__rtentry2.o)
    0x080001ee   0x080001ee   0x00000008   Code   RO         5142    .ARM.Collect$$rtentry$$0000000D  c_w.l(__rtentry2.o)
    0x080001f6   0x080001f6   0x00000002   Code   RO         5161    .ARM.Collect$$rtexit$$00000000  c_w.l(rtexit.o)
    0x080001f8   0x080001f8   0x00000000   Code   RO         5209    .ARM.Collect$$rtexit$$00000002  c_w.l(rtexit2.o)
    0x080001f8   0x080001f8   0x00000004   Code   RO         5210    .ARM.Collect$$rtexit$$00000003  c_w.l(rtexit2.o)
    0x080001fc   0x080001fc   0x00000006   Code   RO         5211    .ARM.Collect$$rtexit$$00000004  c_w.l(rtexit2.o)
    0x08000202   0x08000202   0x00000002   PAD
    0x08000204   0x08000204   0x00000148   Code   RO         2043    .emb_text           rtx_mempool.o
    0x0800034c   0x0800034c   0x00000148   Code   RO         2205    .emb_text           rtx_msgqueue.o
    0x08000494   0x08000494   0x00000148   Code   RO         2623    .emb_text           rtx_system.o
    0x080005dc   0x080005dc   0x00000148   Code   RO         2679    .emb_text           rtx_thread.o
    0x08000724   0x08000724   0x00000074   Code   RO         3348    .emb_text           eventrecorder.o
    0x08000798   0x08000798   0x00000094   Code   RO          395    .text               irq_armv7m.o
    0x0800082c   0x0800082c   0x00000040   Code   RO         5079    .text               startup_stm32wb55xx_cm4.o
    0x0800086c   0x0800086c   0x0000008a   Code   RO         5122    .text               c_w.l(rt_memcpy_v6.o)
    0x080008f6   0x080008f6   0x00000044   Code   RO         5124    .text               c_w.l(rt_memclr.o)
    0x0800093a   0x0800093a   0x0000004e   Code   RO         5126    .text               c_w.l(rt_memclr_w.o)
    0x08000988   0x08000988   0x00000006   Code   RO         5128    .text               c_w.l(heapauxi.o)
    0x0800098e   0x0800098e   0x00000064   Code   RO         5133    .text               c_w.l(rt_memcpy_w.o)
    0x080009f2   0x080009f2   0x0000004a   Code   RO         5150    .text               c_w.l(sys_stackheap_outer.o)
    0x08000a3c   0x08000a3c   0x00000012   Code   RO         5152    .text               c_w.l(exit.o)
    0x08000a4e   0x08000a4e   0x00000002   PAD
    0x08000a50   0x08000a50   0x00000008   Code   RO         5158    .text               c_w.l(libspace.o)
    0x08000a58   0x08000a58   0x0000000c   Code   RO         5219    .text               c_w.l(sys_exit.o)
    0x08000a64   0x08000a64   0x00000002   Code   RO         5230    .text               c_w.l(use_no_semi.o)
    0x08000a66   0x08000a66   0x00000000   Code   RO         5232    .text               c_w.l(indicate_semi.o)
    0x08000a66   0x08000a66   0x00000004   Code   RO          237    i.BusFault_Handler  stm32wbxx_it.o
    0x08000a6a   0x08000a6a   0x00000004   Code   RO          294    i.Buttons_GetCount  buttons_nucleo-wb55.o
    0x08000a6e   0x08000a6e   0x00000002   PAD
    0x08000a70   0x08000a70   0x0000003c   Code   RO          295    i.Buttons_GetState  buttons_nucleo-wb55.o
    0x08000aac   0x08000aac   0x00000004   Code   RO          296    i.Buttons_Initialize  buttons_nucleo-wb55.o
    0x08000ab0   0x08000ab0   0x00000002   Code   RO          238    i.DebugMon_Handler  stm32wbxx_it.o
    0x08000ab2   0x08000ab2   0x00000002   Code   RO          174    i.Error_Handler     main.o
    0x08000ab4   0x08000ab4   0x00000028   Code   RO         3349    i.EventCheckFilter  eventrecorder.o
    0x08000adc   0x08000adc   0x0000003c   Code   RO         3350    i.EventGetTS        eventrecorder.o
    0x08000b18   0x08000b18   0x00000046   Code   RO         3351    i.EventRecord2      eventrecorder.o
    0x08000b5e   0x08000b5e   0x00000076   Code   RO         3352    i.EventRecord4      eventrecorder.o
    0x08000bd4   0x08000bd4   0x000000d8   Code   RO         3354    i.EventRecordItem   eventrecorder.o
    0x08000cac   0x08000cac   0x0000005c   Code   RO         3357    i.EventRecorderEnable  eventrecorder.o
    0x08000d08   0x08000d08   0x0000013c   Code   RO         3358    i.EventRecorderInitialize  eventrecorder.o
    0x08000e44   0x08000e44   0x00000030   Code   RO         3359    i.EventRecorderStart  eventrecorder.o
    0x08000e74   0x08000e74   0x00000016   Code   RO         3361    i.EventRecorderTimerGetCount  eventrecorder.o
    0x08000e8a   0x08000e8a   0x00000002   PAD
    0x08000e8c   0x08000e8c   0x00000010   Code   RO         3363    i.EventRecorderTimerSetup  eventrecorder.o
    0x08000e9c   0x08000e9c   0x00000014   Code   RO          636    i.EvrRtxDelay       rtx_evr.o
    0x08000eb0   0x08000eb0   0x00000014   Code   RO          637    i.EvrRtxDelayCompleted  rtx_evr.o
    0x08000ec4   0x08000ec4   0x00000012   Code   RO          638    i.EvrRtxDelayError  rtx_evr.o
    0x08000ed6   0x08000ed6   0x00000002   PAD
    0x08000ed8   0x08000ed8   0x00000014   Code   RO          639    i.EvrRtxDelayStarted  rtx_evr.o
    0x08000eec   0x08000eec   0x00000014   Code   RO          657    i.EvrRtxEventFlagsWaitTimeout  rtx_evr.o
    0x08000f00   0x08000f00   0x00000012   Code   RO          658    i.EvrRtxKernelError  rtx_evr.o
    0x08000f12   0x08000f12   0x00000014   Code   RO          659    i.EvrRtxKernelErrorNotify  rtx_evr.o
    0x08000f26   0x08000f26   0x00000002   PAD
    0x08000f28   0x08000f28   0x00000014   Code   RO          661    i.EvrRtxKernelGetTickCount  rtx_evr.o
    0x08000f3c   0x08000f3c   0x00000014   Code   RO          664    i.EvrRtxKernelInitialize  rtx_evr.o
    0x08000f50   0x08000f50   0x00000014   Code   RO          665    i.EvrRtxKernelInitialized  rtx_evr.o
    0x08000f64   0x08000f64   0x00000014   Code   RO          672    i.EvrRtxKernelStart  rtx_evr.o
    0x08000f78   0x08000f78   0x00000014   Code   RO          673    i.EvrRtxKernelStarted  rtx_evr.o
    0x08000f8c   0x08000f8c   0x00000020   Code   RO          678    i.EvrRtxMemoryAlloc  rtx_evr.o
    0x08000fac   0x08000fac   0x00000018   Code   RO          679    i.EvrRtxMemoryBlockAlloc  rtx_evr.o
    0x08000fc4   0x08000fc4   0x00000020   Code   RO          680    i.EvrRtxMemoryBlockFree  rtx_evr.o
    0x08000fe4   0x08000fe4   0x00000020   Code   RO          681    i.EvrRtxMemoryBlockInit  rtx_evr.o
    0x08001004   0x08001004   0x00000020   Code   RO          682    i.EvrRtxMemoryFree  rtx_evr.o
    0x08001024   0x08001024   0x0000001c   Code   RO          683    i.EvrRtxMemoryInit  rtx_evr.o
    0x08001040   0x08001040   0x00000014   Code   RO          687    i.EvrRtxMemoryPoolAllocTimeout  rtx_evr.o
    0x08001054   0x08001054   0x00000018   Code   RO          702    i.EvrRtxMessageQueueCreated  rtx_evr.o
    0x0800106c   0x0800106c   0x00000014   Code   RO          705    i.EvrRtxMessageQueueError  rtx_evr.o
    0x08001080   0x08001080   0x00000020   Code   RO          706    i.EvrRtxMessageQueueGet  rtx_evr.o
    0x080010a0   0x080010a0   0x00000020   Code   RO          711    i.EvrRtxMessageQueueGetPending  rtx_evr.o
    0x080010c0   0x080010c0   0x00000014   Code   RO          713    i.EvrRtxMessageQueueGetTimeout  rtx_evr.o
    0x080010d4   0x080010d4   0x00000018   Code   RO          714    i.EvrRtxMessageQueueInsertPending  rtx_evr.o
    0x080010ec   0x080010ec   0x00000018   Code   RO          715    i.EvrRtxMessageQueueInserted  rtx_evr.o
    0x08001104   0x08001104   0x00000018   Code   RO          717    i.EvrRtxMessageQueueNotInserted  rtx_evr.o
    0x0800111c   0x0800111c   0x00000018   Code   RO          718    i.EvrRtxMessageQueueNotRetrieved  rtx_evr.o
    0x08001134   0x08001134   0x00000020   Code   RO          719    i.EvrRtxMessageQueuePut  rtx_evr.o
    0x08001154   0x08001154   0x00000020   Code   RO          720    i.EvrRtxMessageQueuePutPending  rtx_evr.o
    0x08001174   0x08001174   0x00000014   Code   RO          721    i.EvrRtxMessageQueuePutTimeout  rtx_evr.o
    0x08001188   0x08001188   0x00000018   Code   RO          724    i.EvrRtxMessageQueueRetrieved  rtx_evr.o
    0x080011a0   0x080011a0   0x00000018   Code   RO          725    i.EvrRtxMutexAcquire  rtx_evr.o
    0x080011b8   0x080011b8   0x00000018   Code   RO          726    i.EvrRtxMutexAcquirePending  rtx_evr.o
    0x080011d0   0x080011d0   0x00000014   Code   RO          727    i.EvrRtxMutexAcquireTimeout  rtx_evr.o
    0x080011e4   0x080011e4   0x00000018   Code   RO          728    i.EvrRtxMutexAcquired  rtx_evr.o
    0x080011fc   0x080011fc   0x00000018   Code   RO          729    i.EvrRtxMutexCreated  rtx_evr.o
    0x08001214   0x08001214   0x00000014   Code   RO          730    i.EvrRtxMutexDelete  rtx_evr.o
    0x08001228   0x08001228   0x00000014   Code   RO          731    i.EvrRtxMutexDestroyed  rtx_evr.o
    0x0800123c   0x0800123c   0x00000014   Code   RO          732    i.EvrRtxMutexError  rtx_evr.o
    0x08001250   0x08001250   0x00000014   Code   RO          735    i.EvrRtxMutexNew    rtx_evr.o
    0x08001264   0x08001264   0x00000014   Code   RO          736    i.EvrRtxMutexNotAcquired  rtx_evr.o
    0x08001278   0x08001278   0x00000014   Code   RO          737    i.EvrRtxMutexRelease  rtx_evr.o
    0x0800128c   0x0800128c   0x00000018   Code   RO          738    i.EvrRtxMutexReleased  rtx_evr.o
    0x080012a4   0x080012a4   0x00000014   Code   RO          741    i.EvrRtxSemaphoreAcquireTimeout  rtx_evr.o
    0x080012b8   0x080012b8   0x00000018   Code   RO          753    i.EvrRtxThreadBlocked  rtx_evr.o
    0x080012d0   0x080012d0   0x00000028   Code   RO          754    i.EvrRtxThreadCreated  rtx_evr.o
    0x080012f8   0x080012f8   0x00000014   Code   RO          755    i.EvrRtxThreadDestroyed  rtx_evr.o
    0x0800130c   0x0800130c   0x00000014   Code   RO          759    i.EvrRtxThreadError  rtx_evr.o
    0x08001320   0x08001320   0x00000014   Code   RO          760    i.EvrRtxThreadExit  rtx_evr.o
    0x08001334   0x08001334   0x00000014   Code   RO          763    i.EvrRtxThreadFlagsError  rtx_evr.o
    0x08001348   0x08001348   0x00000018   Code   RO          765    i.EvrRtxThreadFlagsSet  rtx_evr.o
    0x08001360   0x08001360   0x00000018   Code   RO          766    i.EvrRtxThreadFlagsSetDone  rtx_evr.o
    0x08001378   0x08001378   0x00000020   Code   RO          767    i.EvrRtxThreadFlagsWait  rtx_evr.o
    0x08001398   0x08001398   0x00000020   Code   RO          768    i.EvrRtxThreadFlagsWaitCompleted  rtx_evr.o
    0x080013b8   0x080013b8   0x00000018   Code   RO          769    i.EvrRtxThreadFlagsWaitNotCompleted  rtx_evr.o
    0x080013d0   0x080013d0   0x00000020   Code   RO          770    i.EvrRtxThreadFlagsWaitPending  rtx_evr.o
    0x080013f0   0x080013f0   0x00000014   Code   RO          771    i.EvrRtxThreadFlagsWaitTimeout  rtx_evr.o
    0x08001404   0x08001404   0x00000014   Code   RO          781    i.EvrRtxThreadJoined  rtx_evr.o
    0x08001418   0x08001418   0x00000020   Code   RO          782    i.EvrRtxThreadNew   rtx_evr.o
    0x08001438   0x08001438   0x00000014   Code   RO          783    i.EvrRtxThreadPreempted  rtx_evr.o
    0x0800144c   0x0800144c   0x00000014   Code   RO          790    i.EvrRtxThreadSwitched  rtx_evr.o
    0x08001460   0x08001460   0x00000018   Code   RO          792    i.EvrRtxThreadUnblocked  rtx_evr.o
    0x08001478   0x08001478   0x00000018   Code   RO          794    i.EvrRtxTimerCallback  rtx_evr.o
    0x08001490   0x08001490   0x00000010   Code   RO         3364    i.GetContext        eventrecorder.o
    0x080014a0   0x080014a0   0x000001a8   Code   RO         3890    i.HAL_GPIO_Init     stm32wbxx_hal_gpio.o
    0x08001648   0x08001648   0x00000010   Code   RO         3892    i.HAL_GPIO_ReadPin  stm32wbxx_hal_gpio.o
    0x08001658   0x08001658   0x0000000a   Code   RO         3894    i.HAL_GPIO_WritePin  stm32wbxx_hal_gpio.o
    0x08001662   0x08001662   0x00000002   PAD
    0x08001664   0x08001664   0x0000004c   Code   RO          175    i.HAL_GetTick       main.o
    0x080016b0   0x080016b0   0x0000000c   Code   RO         3496    i.HAL_GetTickPrio   stm32wbxx_hal.o
    0x080016bc   0x080016bc   0x00000030   Code   RO         3501    i.HAL_Init          stm32wbxx_hal.o
    0x080016ec   0x080016ec   0x00000054   Code   RO         3502    i.HAL_InitTick      stm32wbxx_hal.o
    0x08001740   0x08001740   0x00000018   Code   RO         5055    i.HAL_MspInit       stm32wbxx_hal_msp.o
    0x08001758   0x08001758   0x0000007a   Code   RO         3763    i.HAL_NVIC_SetPriority  stm32wbxx_hal_cortex.o
    0x080017d2   0x080017d2   0x00000002   PAD
    0x080017d4   0x080017d4   0x00000028   Code   RO         3764    i.HAL_NVIC_SetPriorityGrouping  stm32wbxx_hal_cortex.o
    0x080017fc   0x080017fc   0x00000010   Code   RO         4112    i.HAL_PWREx_GetVoltageRange  stm32wbxx_hal_pwr_ex.o
    0x0800180c   0x0800180c   0x00000014   Code   RO         3960    i.HAL_PWR_EnableBkUpAccess  stm32wbxx_hal_pwr.o
    0x08001820   0x08001820   0x000002f4   Code   RO         4687    i.HAL_RCCEx_PeriphCLKConfig  stm32wbxx_hal_rcc_ex.o
    0x08001b14   0x08001b14   0x00000284   Code   RO         4417    i.HAL_RCC_ClockConfig  stm32wbxx_hal_rcc.o
    0x08001d98   0x08001d98   0x00000024   Code   RO         4423    i.HAL_RCC_GetHCLKFreq  stm32wbxx_hal_rcc.o
    0x08001dbc   0x08001dbc   0x000000b4   Code   RO         4427    i.HAL_RCC_GetSysClockFreq  stm32wbxx_hal_rcc.o
    0x08001e70   0x08001e70   0x0000069c   Code   RO         4430    i.HAL_RCC_OscConfig  stm32wbxx_hal_rcc.o
    0x0800250c   0x0800250c   0x00000034   Code   RO         3768    i.HAL_SYSTICK_Config  stm32wbxx_hal_cortex.o
    0x08002540   0x08002540   0x00000004   Code   RO          239    i.HardFault_Handler  stm32wbxx_it.o
    0x08002544   0x08002544   0x00000010   Code   RO          403    i.IsException       rtx_delay.o
    0x08002554   0x08002554   0x00000010   Code   RO         1679    i.IsException       rtx_kernel.o
    0x08002564   0x08002564   0x00000010   Code   RO         2206    i.IsException       rtx_msgqueue.o
    0x08002574   0x08002574   0x00000010   Code   RO         2390    i.IsException       rtx_mutex.o
    0x08002584   0x08002584   0x00000010   Code   RO         2680    i.IsException       rtx_thread.o
    0x08002594   0x08002594   0x00000018   Code   RO          404    i.IsIrqMasked       rtx_delay.o
    0x080025ac   0x080025ac   0x00000018   Code   RO         1680    i.IsIrqMasked       rtx_kernel.o
    0x080025c4   0x080025c4   0x00000018   Code   RO         2207    i.IsIrqMasked       rtx_msgqueue.o
    0x080025dc   0x080025dc   0x00000018   Code   RO         2391    i.IsIrqMasked       rtx_mutex.o
    0x080025f4   0x080025f4   0x00000018   Code   RO         2681    i.IsIrqMasked       rtx_thread.o
    0x0800260c   0x0800260c   0x00000010   Code   RO         1681    i.IsPrivileged      rtx_kernel.o
    0x0800261c   0x0800261c   0x00000004   Code   RO          341    i.LED_GetCount      led_nucleo-wb55.o
    0x08002620   0x08002620   0x00000004   Code   RO          342    i.LED_Initialize    led_nucleo-wb55.o
    0x08002624   0x08002624   0x0000004c   Code   RO          343    i.LED_Off           led_nucleo-wb55.o
    0x08002670   0x08002670   0x0000004c   Code   RO          344    i.LED_On            led_nucleo-wb55.o
    0x080026bc   0x080026bc   0x0000001c   Code   RO          176    i.LL_AHB2_GRP1_EnableClock  main.o
    0x080026d8   0x080026d8   0x00000010   Code   RO         4432    i.LL_RCC_GetAHB4Prescaler  stm32wbxx_hal_rcc.o
    0x080026e8   0x080026e8   0x0000000c   Code   RO         4433    i.LL_RCC_GetSysClkSource  stm32wbxx_hal_rcc.o
    0x080026f4   0x080026f4   0x0000000c   Code   RO         4434    i.LL_RCC_HSE_IsEnabledDiv2  stm32wbxx_hal_rcc.o
    0x08002700   0x08002700   0x0000000c   Code   RO         4435    i.LL_RCC_HSE_IsReady  stm32wbxx_hal_rcc.o
    0x0800270c   0x0800270c   0x00000010   Code   RO         4436    i.LL_RCC_HSI48_IsReady  stm32wbxx_hal_rcc.o
    0x0800271c   0x0800271c   0x0000000c   Code   RO         4437    i.LL_RCC_HSI_IsReady  stm32wbxx_hal_rcc.o
    0x08002728   0x08002728   0x00000016   Code   RO         4438    i.LL_RCC_HSI_SetCalibTrimming  stm32wbxx_hal_rcc.o
    0x0800273e   0x0800273e   0x00000002   PAD
    0x08002740   0x08002740   0x00000018   Code   RO         4439    i.LL_RCC_LSE_Enable  stm32wbxx_hal_rcc.o
    0x08002758   0x08002758   0x00000010   Code   RO         4440    i.LL_RCC_LSE_IsReady  stm32wbxx_hal_rcc.o
    0x08002768   0x08002768   0x00000010   Code   RO         4705    i.LL_RCC_LSE_IsReady  stm32wbxx_hal_rcc_ex.o
    0x08002778   0x08002778   0x00000018   Code   RO         4441    i.LL_RCC_LSI1_Disable  stm32wbxx_hal_rcc.o
    0x08002790   0x08002790   0x00000018   Code   RO         4442    i.LL_RCC_LSI1_Enable  stm32wbxx_hal_rcc.o
    0x080027a8   0x080027a8   0x00000010   Code   RO         4443    i.LL_RCC_LSI1_IsReady  stm32wbxx_hal_rcc.o
    0x080027b8   0x080027b8   0x00000018   Code   RO         4444    i.LL_RCC_LSI2_Disable  stm32wbxx_hal_rcc.o
    0x080027d0   0x080027d0   0x00000010   Code   RO         4445    i.LL_RCC_LSI2_IsReady  stm32wbxx_hal_rcc.o
    0x080027e0   0x080027e0   0x00000012   Code   RO         4446    i.LL_RCC_MSI_Enable  stm32wbxx_hal_rcc.o
    0x080027f2   0x080027f2   0x00000012   Code   RO         4447    i.LL_RCC_MSI_GetRange  stm32wbxx_hal_rcc.o
    0x08002804   0x08002804   0x0000000c   Code   RO         4448    i.LL_RCC_MSI_IsReady  stm32wbxx_hal_rcc.o
    0x08002810   0x08002810   0x00000016   Code   RO         4449    i.LL_RCC_MSI_SetCalibTrimming  stm32wbxx_hal_rcc.o
    0x08002826   0x08002826   0x00000014   Code   RO         4450    i.LL_RCC_MSI_SetRange  stm32wbxx_hal_rcc.o
    0x0800283a   0x0800283a   0x00000012   Code   RO         4710    i.LL_RCC_PLLSAI1_Disable  stm32wbxx_hal_rcc_ex.o
    0x0800284c   0x0800284c   0x00000012   Code   RO         4711    i.LL_RCC_PLLSAI1_Enable  stm32wbxx_hal_rcc_ex.o
    0x0800285e   0x0800285e   0x0000000c   Code   RO         4713    i.LL_RCC_PLLSAI1_IsReady  stm32wbxx_hal_rcc_ex.o
    0x0800286a   0x0800286a   0x00000012   Code   RO         4451    i.LL_RCC_PLL_Disable  stm32wbxx_hal_rcc.o
    0x0800287c   0x0800287c   0x00000012   Code   RO         4452    i.LL_RCC_PLL_Enable  stm32wbxx_hal_rcc.o
    0x0800288e   0x0800288e   0x0000000c   Code   RO         4453    i.LL_RCC_PLL_GetMainSource  stm32wbxx_hal_rcc.o
    0x0800289a   0x0800289a   0x0000000c   Code   RO         4454    i.LL_RCC_PLL_GetN   stm32wbxx_hal_rcc.o
    0x080028a6   0x080028a6   0x0000000c   Code   RO         4455    i.LL_RCC_PLL_IsReady  stm32wbxx_hal_rcc.o
    0x080028b2   0x080028b2   0x00000002   PAD
    0x080028b4   0x080028b4   0x00000018   Code   RO         4718    i.LL_RCC_SetCLK48ClockSource  stm32wbxx_hal_rcc_ex.o
    0x080028cc   0x080028cc   0x00000028   Code   RO         4719    i.LL_RCC_SetI2CClockSource  stm32wbxx_hal_rcc_ex.o
    0x080028f4   0x080028f4   0x0000001c   Code   RO         4720    i.LL_RCC_SetLPTIMClockSource  stm32wbxx_hal_rcc_ex.o
    0x08002910   0x08002910   0x00000018   Code   RO         4721    i.LL_RCC_SetRNGClockSource  stm32wbxx_hal_rcc_ex.o
    0x08002928   0x08002928   0x00000078   Code   RO          177    i.MX_GPIO_Init      main.o
    0x080029a0   0x080029a0   0x0000000a   Code   RO         1996    i.MemBlockPtr       rtx_memory.o
    0x080029aa   0x080029aa   0x00000004   Code   RO          240    i.MemManage_Handler  stm32wbxx_it.o
    0x080029ae   0x080029ae   0x00000034   Code   RO         2208    i.MessageQueueGet   rtx_msgqueue.o
    0x080029e2   0x080029e2   0x0000004c   Code   RO         2209    i.MessageQueuePut   rtx_msgqueue.o
    0x08002a2e   0x08002a2e   0x00000022   Code   RO         2210    i.MessageQueueRemove  rtx_msgqueue.o
    0x08002a50   0x08002a50   0x00000002   Code   RO          241    i.NMI_Handler       stm32wbxx_it.o
    0x08002a52   0x08002a52   0x00000008   Code   RO         3244    i.OS_Tick_AcknowledgeIRQ  os_systick.o
    0x08002a5a   0x08002a5a   0x00000002   PAD
    0x08002a5c   0x08002a5c   0x00000030   Code   RO         3246    i.OS_Tick_Enable    os_systick.o
    0x08002a8c   0x08002a8c   0x0000000c   Code   RO         3248    i.OS_Tick_GetCount  os_systick.o
    0x08002a98   0x08002a98   0x00000006   Code   RO         3249    i.OS_Tick_GetIRQn   os_systick.o
    0x08002a9e   0x08002a9e   0x0000000a   Code   RO         3250    i.OS_Tick_GetInterval  os_systick.o
    0x08002aa8   0x08002aa8   0x00000010   Code   RO         3251    i.OS_Tick_GetOverflow  os_systick.o
    0x08002ab8   0x08002ab8   0x00000050   Code   RO         3252    i.OS_Tick_Setup     os_systick.o
    0x08002b08   0x08002b08   0x0000008e   Code   RO         4722    i.RCCEx_PLLSAI1_ConfigNP  stm32wbxx_hal_rcc_ex.o
    0x08002b96   0x08002b96   0x0000008e   Code   RO         4723    i.RCCEx_PLLSAI1_ConfigNQ  stm32wbxx_hal_rcc_ex.o
    0x08002c24   0x08002c24   0x0000008e   Code   RO         4724    i.RCCEx_PLLSAI1_ConfigNR  stm32wbxx_hal_rcc_ex.o
    0x08002cb2   0x08002cb2   0x00000002   PAD
    0x08002cb4   0x08002cb4   0x000000b0   Code   RO         4456    i.RCC_SetFlashLatency  stm32wbxx_hal_rcc.o
    0x08002d64   0x08002d64   0x00000050   Code   RO         4457    i.RCC_SetFlashLatencyFromMSIRange  stm32wbxx_hal_rcc.o
    0x08002db4   0x08002db4   0x00000020   Code   RO         3365    i.SysTimerIsRunning  eventrecorder.o
    0x08002dd4   0x08002dd4   0x000000a8   Code   RO          178    i.SystemClock_Config  main.o
    0x08002e7c   0x08002e7c   0x000000d0   Code   RO         5086    i.SystemCoreClockUpdate  system_stm32wbxx.o
    0x08002f4c   0x08002f4c   0x00000080   Code   RO         5087    i.SystemInit        system_stm32wbxx.o
    0x08002fcc   0x08002fcc   0x00000056   Code   RO         2682    i.ThreadFlagsCheck  rtx_thread.o
    0x08003022   0x08003022   0x00000016   Code   RO         2684    i.ThreadFlagsSet    rtx_thread.o
    0x08003038   0x08003038   0x00000040   Code   RO         3109    i.TimerInsert       rtx_timer.o
    0x08003078   0x08003078   0x00000018   Code   RO         3111    i.TimerUnlink       rtx_timer.o
    0x08003090   0x08003090   0x00000004   Code   RO          242    i.UsageFault_Handler  stm32wbxx_it.o
    0x08003094   0x08003094   0x00000010   Code   RO         3770    i.__NVIC_GetPriorityGrouping  stm32wbxx_hal_cortex.o
    0x080030a4   0x080030a4   0x00000028   Code   RO         3771    i.__NVIC_SetPriority  stm32wbxx_hal_cortex.o
    0x080030cc   0x080030cc   0x0000000a   Code   RO         1684    i.__set_CONTROL     rtx_kernel.o
    0x080030d6   0x080030d6   0x00000016   Code   RO         1911    i._mutex_acquire    rtx_lib.o
    0x080030ec   0x080030ec   0x0000000c   Code   RO         1912    i._mutex_free       rtx_lib.o
    0x080030f8   0x080030f8   0x00000022   Code   RO         1913    i._mutex_initialize  rtx_lib.o
    0x0800311a   0x0800311a   0x00000012   Code   RO         1914    i._mutex_release    rtx_lib.o
    0x0800312c   0x0800312c   0x00000008   Code   RO         1915    i._platform_post_stackheap_init  rtx_lib.o
    0x08003134   0x08003134   0x00000038   Code   RO            4    i.app_main          blinky.o
    0x0800316c   0x0800316c   0x00000042   Code   RO         3366    i.crc16_ccitt       eventrecorder.o
    0x080031ae   0x080031ae   0x00000082   Code   RO         2211    i.isrRtxMessageQueueGet  rtx_msgqueue.o
    0x08003230   0x08003230   0x00000086   Code   RO         2212    i.isrRtxMessageQueuePut  rtx_msgqueue.o
    0x080032b6   0x080032b6   0x00000064   Code   RO         2685    i.isrRtxThreadFlagsSet  rtx_thread.o
    0x0800331a   0x0800331a   0x00000002   PAD
    0x0800331c   0x0800331c   0x00000034   Code   RO         2624    i.isr_queue_get     rtx_system.o
    0x08003350   0x08003350   0x0000003c   Code   RO         2625    i.isr_queue_put     rtx_system.o
    0x0800338c   0x0800338c   0x00000030   Code   RO          179    i.main              main.o
    0x080033bc   0x080033bc   0x0000003c   Code   RO          405    i.osDelay           rtx_delay.o
    0x080033f8   0x080033f8   0x00000030   Code   RO         1686    i.osKernelGetState  rtx_kernel.o
    0x08003428   0x08003428   0x0000002c   Code   RO         1687    i.osKernelGetSysTimerCount  rtx_kernel.o
    0x08003454   0x08003454   0x0000002c   Code   RO         1689    i.osKernelGetTickCount  rtx_kernel.o
    0x08003480   0x08003480   0x00000038   Code   RO         1691    i.osKernelInitialize  rtx_kernel.o
    0x080034b8   0x080034b8   0x00000034   Code   RO         1695    i.osKernelStart     rtx_kernel.o
    0x080034ec   0x080034ec   0x00000054   Code   RO         2214    i.osMessageQueueGet  rtx_msgqueue.o
    0x08003540   0x08003540   0x00000054   Code   RO         2221    i.osMessageQueuePut  rtx_msgqueue.o
    0x08003594   0x08003594   0x00000044   Code   RO         2392    i.osMutexAcquire    rtx_mutex.o
    0x080035d8   0x080035d8   0x0000003c   Code   RO         2393    i.osMutexDelete     rtx_mutex.o
    0x08003614   0x08003614   0x0000003c   Code   RO         2396    i.osMutexNew        rtx_mutex.o
    0x08003650   0x08003650   0x0000003c   Code   RO         2397    i.osMutexRelease    rtx_mutex.o
    0x0800368c   0x0800368c   0x00000020   Code   RO         3318    i.osRtxErrorNotify  rtx_config.o
    0x080036ac   0x080036ac   0x00000004   Code   RO         3319    i.osRtxIdleThread   rtx_config.o
    0x080036b0   0x080036b0   0x00000018   Code   RO         1698    i.osRtxKernelErrorNotify  rtx_kernel.o
    0x080036c8   0x080036c8   0x0000000c   Code   RO         2686    i.osRtxKernelGetState  rtx_thread.o
    0x080036d4   0x080036d4   0x00000018   Code   RO         1916    i.osRtxKernelPreInit  rtx_lib.o
    0x080036ec   0x080036ec   0x000000ee   Code   RO         1997    i.osRtxMemoryAlloc  rtx_memory.o
    0x080037da   0x080037da   0x0000007c   Code   RO         1998    i.osRtxMemoryFree   rtx_memory.o
    0x08003856   0x08003856   0x0000006a   Code   RO         1999    i.osRtxMemoryInit   rtx_memory.o
    0x080038c0   0x080038c0   0x00000030   Code   RO         2056    i.osRtxMemoryPoolAlloc  rtx_mempool.o
    0x080038f0   0x080038f0   0x00000044   Code   RO         2057    i.osRtxMemoryPoolFree  rtx_mempool.o
    0x08003934   0x08003934   0x00000058   Code   RO         2058    i.osRtxMemoryPoolInit  rtx_mempool.o
    0x0800398c   0x0800398c   0x00000108   Code   RO         2223    i.osRtxMessageQueuePostProcess  rtx_msgqueue.o
    0x08003a94   0x08003a94   0x0000002c   Code   RO         2224    i.osRtxMessageQueueTimerSetup  rtx_msgqueue.o
    0x08003ac0   0x08003ac0   0x00000066   Code   RO         2398    i.osRtxMutexOwnerRelease  rtx_mutex.o
    0x08003b26   0x08003b26   0x00000058   Code   RO         2399    i.osRtxMutexOwnerRestore  rtx_mutex.o
    0x08003b7e   0x08003b7e   0x00000002   PAD
    0x08003b80   0x08003b80   0x00000088   Code   RO         2626    i.osRtxPendSV_Handler  rtx_system.o
    0x08003c08   0x08003c08   0x0000003c   Code   RO         2627    i.osRtxPostProcess  rtx_system.o
    0x08003c44   0x08003c44   0x00000040   Code   RO         2687    i.osRtxThreadBlock  rtx_thread.o
    0x08003c84   0x08003c84   0x00000068   Code   RO         2688    i.osRtxThreadDelayInsert  rtx_thread.o
    0x08003cec   0x08003cec   0x00000060   Code   RO         2689    i.osRtxThreadDelayRemove  rtx_thread.o
    0x08003d4c   0x08003d4c   0x00000130   Code   RO         2690    i.osRtxThreadDelayTick  rtx_thread.o
    0x08003e7c   0x08003e7c   0x00000040   Code   RO         2691    i.osRtxThreadDestroy  rtx_thread.o
    0x08003ebc   0x08003ebc   0x0000006c   Code   RO         2692    i.osRtxThreadDispatch  rtx_thread.o
    0x08003f28   0x08003f28   0x00000064   Code   RO         2693    i.osRtxThreadFree   rtx_thread.o
    0x08003f8c   0x08003f8c   0x0000000c   Code   RO         2694    i.osRtxThreadGetRunning  rtx_thread.o
    0x08003f98   0x08003f98   0x00000026   Code   RO         2695    i.osRtxThreadJoinWakeup  rtx_thread.o
    0x08003fbe   0x08003fbe   0x0000001a   Code   RO         2696    i.osRtxThreadListGet  rtx_thread.o
    0x08003fd8   0x08003fd8   0x0000002c   Code   RO         2697    i.osRtxThreadListPut  rtx_thread.o
    0x08004004   0x08004004   0x0000001a   Code   RO         2698    i.osRtxThreadListRemove  rtx_thread.o
    0x0800401e   0x0800401e   0x00000010   Code   RO         2699    i.osRtxThreadListRoot  rtx_thread.o
    0x0800402e   0x0800402e   0x0000002a   Code   RO         2700    i.osRtxThreadListSort  rtx_thread.o
    0x08004058   0x08004058   0x00000034   Code   RO         2702    i.osRtxThreadPostProcess  rtx_thread.o
    0x0800408c   0x0800408c   0x00000018   Code   RO         2703    i.osRtxThreadReadyPut  rtx_thread.o
    0x080040a4   0x080040a4   0x00000018   Code   RO         2704    i.osRtxThreadRegPtr  rtx_thread.o
    0x080040bc   0x080040bc   0x0000000c   Code   RO         2705    i.osRtxThreadSetRunning  rtx_thread.o
    0x080040c8   0x080040c8   0x0000000c   Code   RO         3112    i.osRtxThreadSetRunning  rtx_timer.o
    0x080040d4   0x080040d4   0x00000020   Code   RO         2706    i.osRtxThreadStackCheck  rtx_thread.o
    0x080040f4   0x080040f4   0x00000058   Code   RO         2707    i.osRtxThreadStartup  rtx_thread.o
    0x0800414c   0x0800414c   0x00000018   Code   RO         2708    i.osRtxThreadSwitch  rtx_thread.o
    0x08004164   0x08004164   0x0000004c   Code   RO         2709    i.osRtxThreadWaitEnter  rtx_thread.o
    0x080041b0   0x080041b0   0x00000036   Code   RO         2710    i.osRtxThreadWaitExit  rtx_thread.o
    0x080041e6   0x080041e6   0x00000002   PAD
    0x080041e8   0x080041e8   0x0000009c   Code   RO         2628    i.osRtxTick_Handler  rtx_system.o
    0x08004284   0x08004284   0x00000020   Code   RO         3113    i.osRtxTimerSetup   rtx_timer.o
    0x080042a4   0x080042a4   0x0000002c   Code   RO         3114    i.osRtxTimerThread  rtx_timer.o
    0x080042d0   0x080042d0   0x00000090   Code   RO         3115    i.osRtxTimerTick    rtx_timer.o
    0x08004360   0x08004360   0x00000020   Code   RO         2713    i.osThreadExit      rtx_thread.o
    0x08004380   0x08004380   0x00000040   Code   RO         2716    i.osThreadFlagsSet  rtx_thread.o
    0x080043c0   0x080043c0   0x0000004c   Code   RO         2717    i.osThreadFlagsWait  rtx_thread.o
    0x0800440c   0x0800440c   0x0000004c   Code   RO         2726    i.osThreadNew       rtx_thread.o
    0x08004458   0x08004458   0x00000020   Code   RO         1917    i.os_kernel_is_active  rtx_lib.o
    0x08004478   0x08004478   0x00000038   Code   RO          407    i.svcRtxDelay       rtx_delay.o
    0x080044b0   0x080044b0   0x00000010   Code   RO         1701    i.svcRtxKernelGetState  rtx_kernel.o
    0x080044c0   0x080044c0   0x0000002c   Code   RO         1702    i.svcRtxKernelGetSysTimerCount  rtx_kernel.o
    0x080044ec   0x080044ec   0x00000014   Code   RO         1704    i.svcRtxKernelGetTickCount  rtx_kernel.o
    0x08004500   0x08004500   0x00000218   Code   RO         1706    i.svcRtxKernelInitialize  rtx_kernel.o
    0x08004718   0x08004718   0x000000d4   Code   RO         1710    i.svcRtxKernelStart  rtx_kernel.o
    0x080047ec   0x080047ec   0x00000138   Code   RO         2226    i.svcRtxMessageQueueGet  rtx_msgqueue.o
    0x08004924   0x08004924   0x00000188   Code   RO         2232    i.svcRtxMessageQueueNew  rtx_msgqueue.o
    0x08004aac   0x08004aac   0x00000128   Code   RO         2233    i.svcRtxMessageQueuePut  rtx_msgqueue.o
    0x08004bd4   0x08004bd4   0x0000010c   Code   RO         2400    i.svcRtxMutexAcquire  rtx_mutex.o
    0x08004ce0   0x08004ce0   0x000000e4   Code   RO         2401    i.svcRtxMutexDelete  rtx_mutex.o
    0x08004dc4   0x08004dc4   0x000000ac   Code   RO         2404    i.svcRtxMutexNew    rtx_mutex.o
    0x08004e70   0x08004e70   0x00000110   Code   RO         2405    i.svcRtxMutexRelease  rtx_mutex.o
    0x08004f80   0x08004f80   0x00000068   Code   RO         2734    i.svcRtxThreadExit  rtx_thread.o
    0x08004fe8   0x08004fe8   0x0000009a   Code   RO         2737    i.svcRtxThreadFlagsSet  rtx_thread.o
    0x08005082   0x08005082   0x00000092   Code   RO         2738    i.svcRtxThreadFlagsWait  rtx_thread.o
    0x08005114   0x08005114   0x00000280   Code   RO         2747    i.svcRtxThreadNew   rtx_thread.o
    0x08005394   0x08005394   0x00000038   Code   RO            5    i.thrBUT            blinky.o
    0x080053cc   0x080053cc   0x00000038   Code   RO            6    i.thrLED            blinky.o
    0x08005404   0x08005404   0x0000000a   Code   RO         5217    x$fpl$fpinit        fz_wm.l(fpinit.o)
    0x0800540e   0x0800540e   0x00000002   PAD
    0x08005410   0x08005410   0x00000024   Data   RO            8    .constdata          blinky.o
    0x08005434   0x08005434   0x00000018   Data   RO          298    .constdata          buttons_nucleo-wb55.o
    0x0800544c   0x0800544c   0x00000018   Data   RO          347    .constdata          led_nucleo-wb55.o
    0x08005464   0x08005464   0x00000001   Data   RO          394    .constdata          irq_armv7m.o
    0x08005465   0x08005465   0x00000003   PAD
    0x08005468   0x08005468   0x00000068   Data   RO         1925    .constdata          rtx_lib.o
    0x080054d0   0x080054d0   0x00000018   Data   RO         3369    .constdata          eventrecorder.o
    0x080054e8   0x080054e8   0x0000002c   Data   RO         4458    .constdata          stm32wbxx_hal_rcc.o
    0x08005514   0x08005514   0x00000100   Data   RO         5088    .constdata          system_stm32wbxx.o
    0x08005614   0x08005614   0x0000000b   Data   RO         1713    .conststrlit        rtx_kernel.o
    0x0800561f   0x0800561f   0x00000001   PAD
    0x08005620   0x08005620   0x000000a8   Data   RO         1927    .rodata             rtx_lib.o
    0x080056c8   0x080056c8   0x00000020   Data   RO         5287    Region$$Table       anon$$obj.o


    Execution Region RW_IRAM1 (Exec base: 0x20000000, Load base: 0x080056e8, Size: 0x00001e78, Max: 0x00030000, ABSOLUTE, COMPRESSED[0x00000040])

    Exec Addr    Load Addr    Size         Type   Attr      Idx    E Section Name        Object

    0x20000000   COMPRESSED   0x00001040   Data   RW         1918    .bss.os             rtx_lib.o
    0x20001040   COMPRESSED   0x00000001   Data   RW         3253    .bss.os             os_systick.o
    0x20001041   COMPRESSED   0x00000003   PAD
    0x20001044   COMPRESSED   0x00000034   Data   RW         1920    .bss.os.msgqueue.cb  rtx_lib.o
    0x20001078   COMPRESSED   0x00000050   Data   RW         1921    .bss.os.msgqueue.mem  rtx_lib.o
    0x200010c8   COMPRESSED   0x00000088   Data   RW         1922    .bss.os.thread.cb   rtx_lib.o
    0x20001150   COMPRESSED   0x00000100   Data   RW         1923    .bss.os.thread.idle.stack  rtx_lib.o
    0x20001250   COMPRESSED   0x00000100   Data   RW         1924    .bss.os.thread.timer.stack  rtx_lib.o
    0x20001350   COMPRESSED   0x0000000c   Data   RW            9    .data               blinky.o
    0x2000135c   COMPRESSED   0x00000004   Data   RW          180    .data               main.o
    0x20001360   COMPRESSED   0x00000001   Data   RW         1926    .data               rtx_lib.o
    0x20001361   COMPRESSED   0x00000003   PAD
    0x20001364   COMPRESSED   0x00000009   Data   RW         3523    .data               stm32wbxx_hal.o
    0x2000136d   COMPRESSED   0x00000003   PAD
    0x20001370   COMPRESSED   0x00000004   Data   RW         5089    .data               system_stm32wbxx.o
    0x20001374   COMPRESSED   0x000000a4   Data   RW         1714    .data.os            rtx_kernel.o
    0x20001418        -       0x00000400   Zero   RW            7    .bss                blinky.o
    0x20001818        -       0x00000060   Zero   RW         5159    .bss                c_w.l(libspace.o)
    0x20001878        -       0x00000200   Zero   RW         5077    HEAP                startup_stm32wb55xx_cm4.o
    0x20001a78        -       0x00000400   Zero   RW         5076    STACK               startup_stm32wb55xx_cm4.o


    Execution Region RW_IRAM2 (Exec base: 0x20030000, Load base: 0x08005728, Size: 0x000004e4, Max: 0x00010000, ABSOLUTE, UNINIT)

    Exec Addr    Load Addr    Size         Type   Attr      Idx    E Section Name        Object

    0x20030000        -       0x00000001   Zero   RW         3367    .bss                eventrecorder.o
    0x20030001   0x08005728   0x0000003f   PAD
    0x20030040        -       0x000004a4   Zero   RW         3368    .bss.noinit         eventrecorder.o


==============================================================================

Image component sizes


      Code (inc. data)   RO Data    RW Data    ZI Data      Debug   Object Name

       168         26         36         12       1024     606032   blinky.o
        68          4         24          0          0       3175   buttons_nucleo-wb55.o
      1228         80         24          0       1189      21066   eventrecorder.o
       148          8          1          0          0        716   irq_armv7m.o
       160         12         24          0          0       3871   led_nucleo-wb55.o
       442         40          0          4          0      14202   main.o
       180         30          0          1          0       4443   os_systick.o
        36          6          0          0          0       1157   rtx_config.o
       156          6          0          0          0      19009   rtx_delay.o
      1520        294          0          0          0      57491   rtx_evr.o
      1162         66         11        164          0      29276   rtx_kernel.o
       150          4        272       4941          0      14003   rtx_lib.o
       478          0          0          0          0       4579   rtx_memory.o
       532          0          0          0          0       4227   rtx_mempool.o
      2270         38          0          0          0      24738   rtx_msgqueue.o
      1418         36          0          0          0      13913   rtx_mutex.o
       792         40          0          0          0      10497   rtx_system.o
      3310        138          0          0          0      36901   rtx_thread.o
       320         32          0          0          0       7445   rtx_timer.o
        64         26        316          0       1536        920   startup_stm32wb55xx_cm4.o
       144         22          0          9          0      16811   stm32wbxx_hal.o
       270         22          0          0          0      34238   stm32wbxx_hal_cortex.o
       450         24          0          0          0       3451   stm32wbxx_hal_gpio.o
        24          0          0          0          0        706   stm32wbxx_hal_msp.o
        20          6          0          0          0        631   stm32wbxx_hal_pwr.o
        16          6          0          0          0        656   stm32wbxx_hal_pwr_ex.o
      3216        140         44          0          0      54438   stm32wbxx_hal_rcc.o
      1362         28          0          0          0      40780   stm32wbxx_hal_rcc_ex.o
        20          0          0          0          0       3481   stm32wbxx_it.o
       336         36        256          4          0       2632   system_stm32wbxx.o

    ----------------------------------------------------------------------
     20486       1170       1044       5144       3812    1035485   Object Totals
         0          0         32          0          0          0   (incl. Generated)
        26          0          4          9         63          0   (incl. Padding)

    ----------------------------------------------------------------------

      Code (inc. data)   RO Data    RW Data    ZI Data      Debug   Library Member Name

        58          0          0          0          0          0   __dczerorl.o
         8          0          0          0          0         68   __main.o
         0          0          0          0          0          0   __rtentry.o
        20          0          0          0          0          0   __rtentry2.o
         6          0          0          0          0          0   __rtentry4.o
        52          8          0          0          0          0   __scatter.o
        28          0          0          0          0          0   __scatter_zi.o
        18          0          0          0          0         80   exit.o
         6          0          0          0          0        152   heapauxi.o
         0          0          0          0          0          0   indicate_semi.o
         2          0          0          0          0          0   libinit.o
         6          0          0          0          0          0   libinit2.o
         2          0          0          0          0          0   libshutdown.o
         2          0          0          0          0          0   libshutdown2.o
         8          4          0          0         96         68   libspace.o
        68          0          0          0          0         68   rt_memclr.o
        78          0          0          0          0         80   rt_memclr_w.o
       138          0          0          0          0         68   rt_memcpy_v6.o
       100          0          0          0          0         80   rt_memcpy_w.o
         2          0          0          0          0          0   rtexit.o
        10          0          0          0          0          0   rtexit2.o
        12          4          0          0          0         68   sys_exit.o
        74          0          0          0          0         80   sys_stackheap_outer.o
         2          0          0          0          0         68   use_no_semi.o
        10          0          0          0          0        116   fpinit.o

    ----------------------------------------------------------------------
       718         16          0          0         96        996   Library Totals
         8          0          0          0          0          0   (incl. Padding)

    ----------------------------------------------------------------------

      Code (inc. data)   RO Data    RW Data    ZI Data      Debug   Library Name

       700         16          0          0         96        880   c_w.l
        10          0          0          0          0        116   fz_wm.l

    ----------------------------------------------------------------------
       718         16          0          0         96        996   Library Totals

    ----------------------------------------------------------------------

==============================================================================


      Code (inc. data)   RO Data    RW Data    ZI Data      Debug   

     21204       1186       1044       5144       3908    1008817   Grand Totals
     21204       1186       1044         64       3908    1008817   ELF Image Totals (compressed)
     21204       1186       1044         64          0          0   ROM Totals

==============================================================================

    Total RO  Size (Code + RO Data)                22248 (  21.73kB)
    Total RW  Size (RW Data + ZI Data)              9052 (   8.84kB)
    Total ROM Size (Code + RO Data + RW Data)      22312 (  21.79kB)

==============================================================================

